Command line invocation:
    /Applications/Xcode-beta.app/Contents/Developer/usr/bin/xcodebuild -scheme HomeAutomationOrchestrator

Resolve Package Graph


Resolved source packages:
  HomeAutomationCore: /Users/samin/Downloads/untitled folder/HomeAutomation/HomeAutomationCore @ local

ComputePackagePrebuildTargetDependencyGraph

Prepare packages

CreateBuildRequest

SendProjectDescription

CreateBuildOperation

ComputeTargetDependencyGraph
note: Building targets in dependency order
note: Target dependency graph (6 targets)
    Target 'HomeAutomationOrchestrator' in project 'HomeAutomationCore'
        ➜ Explicit dependency on target 'HomeAutomationOrchestrator' in project 'HomeAutomationCore'
        ➜ Explicit dependency on target 'HomeAutomationCore' in project 'HomeAutomationCore'
        ➜ Explicit dependency on target 'HomeAutomationRAG' in project 'HomeAutomationCore'
        ➜ Explicit dependency on target 'HomeAutomationAgents' in project 'HomeAutomationCore'
    Target 'HomeAutomationOrchestrator' in project 'HomeAutomationCore'
        ➜ Explicit dependency on target 'HomeAutomationCore' in project 'HomeAutomationCore'
        ➜ Explicit dependency on target 'HomeAutomationRAG' in project 'HomeAutomationCore'
        ➜ Explicit dependency on target 'HomeAutomationAgents' in project 'HomeAutomationCore'
    Target 'HomeAutomationAgents' in project 'HomeAutomationCore'
        ➜ Explicit dependency on target 'HomeAutomationCore' in project 'HomeAutomationCore'
        ➜ Explicit dependency on target 'HomeAutomationRAG' in project 'HomeAutomationCore'
    Target 'HomeAutomationRAG' in project 'HomeAutomationCore'
        ➜ Explicit dependency on target 'HomeAutomationCore' in project 'HomeAutomationCore'
    Target 'HomeAutomationCore' in project 'HomeAutomationCore'
        ➜ Explicit dependency on target 'HomeAutomationCore_HomeAutomationCore' in project 'HomeAutomationCore'
    Target 'HomeAutomationCore_HomeAutomationCore' in project 'HomeAutomationCore' (no dependencies)

GatherProvisioningInputs

CreateBuildDescription

ExecuteExternalTool /Applications/Xcode-beta.app/Contents/Developer/Toolchains/XcodeDefault.xctoolchain/usr/bin/clang -v -E -dM -isysroot /Applications/Xcode-beta.app/Contents/Developer/Platforms/MacOSX.platform/Developer/SDKs/MacOSX26.1.sdk -x c -c /dev/null

ExecuteExternalTool /Applications/Xcode-beta.app/Contents/Developer/Toolchains/XcodeDefault.xctoolchain/usr/bin/swiftc --version

ExecuteExternalTool /Applications/Xcode-beta.app/Contents/Developer/Toolchains/XcodeDefault.xctoolchain/usr/bin/ld -version_details

Build description signature: 276a9462db7bc2cfa72ba5e1409271e4
Build description path: /Users/samin/Library/Developer/Xcode/DerivedData/HomeAutomation-dbhmgkldyjylvqecitwcozchikhf/Build/Intermediates.noindex/XCBuildData/276a9462db7bc2cfa72ba5e1409271e4.xcbuilddata
ClangStatCache /Applications/Xcode-beta.app/Contents/Developer/Toolchains/XcodeDefault.xctoolchain/usr/bin/clang-stat-cache /Applications/Xcode-beta.app/Contents/Developer/Platforms/MacOSX.platform/Developer/SDKs/MacOSX26.1.sdk /Users/samin/Library/Developer/Xcode/DerivedData/SDKStatCaches.noindex/macosx26.1-25B5042i-d77eb18e28310dc39e4af1f069d89823.sdkstatcache
    cd /Users/samin/Downloads/untitled\ folder/HomeAutomation/HomeAutomation.xcodeproj
    /Applications/Xcode-beta.app/Contents/Developer/Toolchains/XcodeDefault.xctoolchain/usr/bin/clang-stat-cache /Applications/Xcode-beta.app/Contents/Developer/Platforms/MacOSX.platform/Developer/SDKs/MacOSX26.1.sdk -o /Users/samin/Library/Developer/Xcode/DerivedData/SDKStatCaches.noindex/macosx26.1-25B5042i-d77eb18e28310dc39e4af1f069d89823.sdkstatcache

ProcessInfoPlistFile /Users/samin/Library/Developer/Xcode/DerivedData/HomeAutomation-dbhmgkldyjylvqecitwcozchikhf/Build/Products/Debug/HomeAutomationCore_HomeAutomationCore.bundle/Contents/Info.plist /Users/samin/Library/Developer/Xcode/DerivedData/HomeAutomation-dbhmgkldyjylvqecitwcozchikhf/Build/Intermediates.noindex/HomeAutomationCore.build/Debug/HomeAutomationCore_HomeAutomationCore.build/empty-HomeAutomationCore_HomeAutomationCore.plist (in target 'HomeAutomationCore_HomeAutomationCore' from project 'HomeAutomationCore')
    cd /Users/samin/Downloads/untitled\ folder/HomeAutomation/HomeAutomationCore
    builtin-infoPlistUtility /Users/samin/Library/Developer/Xcode/DerivedData/HomeAutomation-dbhmgkldyjylvqecitwcozchikhf/Build/Intermediates.noindex/HomeAutomationCore.build/Debug/HomeAutomationCore_HomeAutomationCore.build/empty-HomeAutomationCore_HomeAutomationCore.plist -producttype com.apple.product-type.bundle -expandbuildsettings -platform macosx -o /Users/samin/Library/Developer/Xcode/DerivedData/HomeAutomation-dbhmgkldyjylvqecitwcozchikhf/Build/Products/Debug/HomeAutomationCore_HomeAutomationCore.bundle/Contents/Info.plist

SwiftDriver HomeAutomationAgents normal arm64 com.apple.xcode.tools.swift.compiler (in target 'HomeAutomationAgents' from project 'HomeAutomationCore')
    cd /Users/samin/Downloads/untitled\ folder/HomeAutomation/HomeAutomation.xcodeproj
    builtin-SwiftDriver -- /Applications/Xcode-beta.app/Contents/Developer/Toolchains/XcodeDefault.xctoolchain/usr/bin/swiftc -module-name HomeAutomationAgents -Onone -enforce-exclusivity\=checked @/Users/samin/Library/Developer/Xcode/DerivedData/HomeAutomation-dbhmgkldyjylvqecitwcozchikhf/Build/Intermediates.noindex/HomeAutomationCore.build/Debug/HomeAutomationAgents.build/Objects-normal/arm64/HomeAutomationAgents.SwiftFileList -DSWIFT_PACKAGE -DDEBUG -DSWIFT_MODULE_RESOURCE_BUNDLE_UNAVAILABLE -DXcode -plugin-path /Applications/Xcode-beta.app/Contents/Developer/Toolchains/XcodeDefault.xctoolchain/usr/lib/swift/host/plugins/testing -enable-experimental-feature DebugDescriptionMacro -sdk /Applications/Xcode-beta.app/Contents/Developer/Platforms/MacOSX.platform/Developer/SDKs/MacOSX26.1.sdk -target arm64-apple-macos26.0 -g -module-cache-path /Users/samin/Library/Developer/Xcode/DerivedData/ModuleCache.noindex -Xfrontend -serialize-debugging-options -enable-testing -suppress-warnings -index-store-path /Users/samin/Library/Developer/Xcode/DerivedData/HomeAutomation-dbhmgkldyjylvqecitwcozchikhf/Index.noindex/DataStore -Xcc -D_LIBCPP_HARDENING_MODE\=_LIBCPP_HARDENING_MODE_DEBUG -swift-version 6 -I /Users/samin/Library/Developer/Xcode/DerivedData/HomeAutomation-dbhmgkldyjylvqecitwcozchikhf/Build/Products/Debug -Isystem /Applications/Xcode-beta.app/Contents/Developer/Platforms/MacOSX.platform/Developer/usr/lib -F /Users/samin/Library/Developer/Xcode/DerivedData/HomeAutomation-dbhmgkldyjylvqecitwcozchikhf/Build/Products/Debug/PackageFrameworks -F /Users/samin/Library/Developer/Xcode/DerivedData/HomeAutomation-dbhmgkldyjylvqecitwcozchikhf/Build/Products/Debug/PackageFrameworks -F /Users/samin/Library/Developer/Xcode/DerivedData/HomeAutomation-dbhmgkldyjylvqecitwcozchikhf/Build/Products/Debug -F /Applications/Xcode-beta.app/Contents/Developer/Platforms/MacOSX.platform/Developer/Library/Frameworks -c -j8 -enable-batch-mode -incremental -Xcc -ivfsstatcache -Xcc /Users/samin/Library/Developer/Xcode/DerivedData/SDKStatCaches.noindex/macosx26.1-25B5042i-d77eb18e28310dc39e4af1f069d89823.sdkstatcache -output-file-map /Users/samin/Library/Developer/Xcode/DerivedData/HomeAutomation-dbhmgkldyjylvqecitwcozchikhf/Build/Intermediates.noindex/HomeAutomationCore.build/Debug/HomeAutomationAgents.build/Objects-normal/arm64/HomeAutomationAgents-OutputFileMap.json -use-frontend-parseable-output -save-temps -no-color-diagnostics -explicit-module-build -module-cache-path /Users/samin/Library/Developer/Xcode/DerivedData/HomeAutomation-dbhmgkldyjylvqecitwcozchikhf/Build/Intermediates.noindex/SwiftExplicitPrecompiledModules -clang-scanner-module-cache-path /Users/samin/Library/Developer/Xcode/DerivedData/ModuleCache.noindex -sdk-module-cache-path /Users/samin/Library/Developer/Xcode/DerivedData/ModuleCache.noindex -serialize-diagnostics -emit-dependencies -emit-module -emit-module-path /Users/samin/Library/Developer/Xcode/DerivedData/HomeAutomation-dbhmgkldyjylvqecitwcozchikhf/Build/Intermediates.noindex/HomeAutomationCore.build/Debug/HomeAutomationAgents.build/Objects-normal/arm64/HomeAutomationAgents.swiftmodule -validate-clang-modules-once -clang-build-session-file /Users/samin/Library/Developer/Xcode/DerivedData/ModuleCache.noindex/Session.modulevalidation -package-name homeautomationcore -Xcc -I/Users/samin/Library/Developer/Xcode/DerivedData/HomeAutomation-dbhmgkldyjylvqecitwcozchikhf/Build/Intermediates.noindex/HomeAutomationCore.build/Debug/HomeAutomationAgents.build/swift-overrides.hmap -emit-const-values -Xfrontend -const-gather-protocols-file -Xfrontend /Users/samin/Library/Developer/Xcode/DerivedData/HomeAutomation-dbhmgkldyjylvqecitwcozchikhf/Build/Intermediates.noindex/HomeAutomationCore.build/Debug/HomeAutomationAgents.build/Objects-normal/arm64/HomeAutomationAgents_const_extract_protocols.json -Xcc -I/Users/samin/Library/Developer/Xcode/DerivedData/HomeAutomation-dbhmgkldyjylvqecitwcozchikhf/Build/Products/Debug/include -Xcc -I/Users/samin/Library/Developer/Xcode/DerivedData/HomeAutomation-dbhmgkldyjylvqecitwcozchikhf/Build/Intermediates.noindex/HomeAutomationCore.build/Debug/HomeAutomationAgents.build/DerivedSources-normal/arm64 -Xcc -I/Users/samin/Library/Developer/Xcode/DerivedData/HomeAutomation-dbhmgkldyjylvqecitwcozchikhf/Build/Intermediates.noindex/HomeAutomationCore.build/Debug/HomeAutomationAgents.build/DerivedSources/arm64 -Xcc -I/Users/samin/Library/Developer/Xcode/DerivedData/HomeAutomation-dbhmgkldyjylvqecitwcozchikhf/Build/Intermediates.noindex/HomeAutomationCore.build/Debug/HomeAutomationAgents.build/DerivedSources -Xcc -DSWIFT_PACKAGE -Xcc -DDEBUG\=1 -emit-objc-header -emit-objc-header-path /Users/samin/Library/Developer/Xcode/DerivedData/HomeAutomation-dbhmgkldyjylvqecitwcozchikhf/Build/Intermediates.noindex/HomeAutomationCore.build/Debug/HomeAutomationAgents.build/Objects-normal/arm64/HomeAutomationAgents-Swift.h -working-directory /Users/samin/Downloads/untitled\ folder/HomeAutomation/HomeAutomation.xcodeproj -experimental-emit-module-separately -disable-cmo

Ld /Users/samin/Library/Developer/Xcode/DerivedData/HomeAutomation-dbhmgkldyjylvqecitwcozchikhf/Build/Products/Debug/HomeAutomationCore.o normal (in target 'HomeAutomationCore' from project 'HomeAutomationCore')
    cd /Users/samin/Downloads/untitled\ folder/HomeAutomation/HomeAutomationCore
    /Applications/Xcode-beta.app/Contents/Developer/Toolchains/XcodeDefault.xctoolchain/usr/bin/clang -Xlinker -reproducible -target arm64-apple-macos26.0 -r -isysroot /Applications/Xcode-beta.app/Contents/Developer/Platforms/MacOSX.platform/Developer/SDKs/MacOSX26.1.sdk -O0 -w -L/Users/samin/Library/Developer/Xcode/DerivedData/HomeAutomation-dbhmgkldyjylvqecitwcozchikhf/Build/Intermediates.noindex/EagerLinkingTBDs/Debug -L/Users/samin/Library/Developer/Xcode/DerivedData/HomeAutomation-dbhmgkldyjylvqecitwcozchikhf/Build/Products/Debug -L/Applications/Xcode-beta.app/Contents/Developer/Platforms/MacOSX.platform/Developer/usr/lib -F/Users/samin/Library/Developer/Xcode/DerivedData/HomeAutomation-dbhmgkldyjylvqecitwcozchikhf/Build/Intermediates.noindex/EagerLinkingTBDs/Debug -F/Users/samin/Library/Developer/Xcode/DerivedData/HomeAutomation-dbhmgkldyjylvqecitwcozchikhf/Build/Products/Debug -iframework /Applications/Xcode-beta.app/Contents/Developer/Platforms/MacOSX.platform/Developer/Library/Frameworks -filelist /Users/samin/Library/Developer/Xcode/DerivedData/HomeAutomation-dbhmgkldyjylvqecitwcozchikhf/Build/Intermediates.noindex/HomeAutomationCore.build/Debug/HomeAutomationCore.build/Objects-normal/arm64/HomeAutomationCore.LinkFileList -nostdlib -Xlinker -object_path_lto -Xlinker /Users/samin/Library/Developer/Xcode/DerivedData/HomeAutomation-dbhmgkldyjylvqecitwcozchikhf/Build/Intermediates.noindex/HomeAutomationCore.build/Debug/HomeAutomationCore.build/Objects-normal/arm64/HomeAutomationCore_lto.o -rdynamic -Xlinker -no_deduplicate -Xlinker -dependency_info -Xlinker /Users/samin/Library/Developer/Xcode/DerivedData/HomeAutomation-dbhmgkldyjylvqecitwcozchikhf/Build/Intermediates.noindex/HomeAutomationCore.build/Debug/HomeAutomationCore.build/Objects-normal/arm64/HomeAutomationCore_dependency_info.dat -fobjc-link-runtime -L/Applications/Xcode-beta.app/Contents/Developer/Toolchains/XcodeDefault.xctoolchain/usr/lib/swift/macosx -L/usr/lib/swift -Xlinker -add_ast_path -Xlinker /Users/samin/Library/Developer/Xcode/DerivedData/HomeAutomation-dbhmgkldyjylvqecitwcozchikhf/Build/Intermediates.noindex/HomeAutomationCore.build/Debug/HomeAutomationCore.build/Objects-normal/arm64/HomeAutomationCore.swiftmodule @/Users/samin/Library/Developer/Xcode/DerivedData/HomeAutomation-dbhmgkldyjylvqecitwcozchikhf/Build/Intermediates.noindex/HomeAutomationCore.build/Debug/HomeAutomationCore.build/Objects-normal/arm64/HomeAutomationCore-linker-args.resp -o /Users/samin/Library/Developer/Xcode/DerivedData/HomeAutomation-dbhmgkldyjylvqecitwcozchikhf/Build/Products/Debug/HomeAutomationCore.o

ExtractAppIntentsMetadata (in target 'HomeAutomationCore' from project 'HomeAutomationCore')
    cd /Users/samin/Downloads/untitled\ folder/HomeAutomation/HomeAutomationCore
    /Applications/Xcode-beta.app/Contents/Developer/Toolchains/XcodeDefault.xctoolchain/usr/bin/appintentsmetadataprocessor --toolchain-dir /Applications/Xcode-beta.app/Contents/Developer/Toolchains/XcodeDefault.xctoolchain --module-name HomeAutomationCore --sdk-root /Applications/Xcode-beta.app/Contents/Developer/Platforms/MacOSX.platform/Developer/SDKs/MacOSX26.1.sdk --xcode-version 17B5025f --platform-family macOS --deployment-target 26.0 --bundle-identifier homeautomationcore.HomeAutomationCore --output /Users/samin/Library/Developer/Xcode/DerivedData/HomeAutomation-dbhmgkldyjylvqecitwcozchikhf/Build/Products/Debug/HomeAutomationCore.appintents --target-triple arm64-apple-macos26.0 --binary-file /Users/samin/Library/Developer/Xcode/DerivedData/HomeAutomation-dbhmgkldyjylvqecitwcozchikhf/Build/Products/Debug/HomeAutomationCore.o --dependency-file /Users/samin/Library/Developer/Xcode/DerivedData/HomeAutomation-dbhmgkldyjylvqecitwcozchikhf/Build/Intermediates.noindex/HomeAutomationCore.build/Debug/HomeAutomationCore.build/Objects-normal/arm64/HomeAutomationCore_dependency_info.dat --stringsdata-file /Users/samin/Library/Developer/Xcode/DerivedData/HomeAutomation-dbhmgkldyjylvqecitwcozchikhf/Build/Intermediates.noindex/HomeAutomationCore.build/Debug/HomeAutomationCore.build/Objects-normal/arm64/ExtractedAppShortcutsMetadata.stringsdata --source-file-list /Users/samin/Library/Developer/Xcode/DerivedData/HomeAutomation-dbhmgkldyjylvqecitwcozchikhf/Build/Intermediates.noindex/HomeAutomationCore.build/Debug/HomeAutomationCore.build/Objects-normal/arm64/HomeAutomationCore.SwiftFileList --metadata-file-list /Users/samin/Library/Developer/Xcode/DerivedData/HomeAutomation-dbhmgkldyjylvqecitwcozchikhf/Build/Intermediates.noindex/HomeAutomationCore.build/Debug/HomeAutomationCore.build/HomeAutomationCore.DependencyMetadataFileList --static-metadata-file-list /Users/samin/Library/Developer/Xcode/DerivedData/HomeAutomation-dbhmgkldyjylvqecitwcozchikhf/Build/Intermediates.noindex/HomeAutomationCore.build/Debug/HomeAutomationCore.build/HomeAutomationCore.DependencyStaticMetadataFileList --swift-const-vals-list /Users/samin/Library/Developer/Xcode/DerivedData/HomeAutomation-dbhmgkldyjylvqecitwcozchikhf/Build/Intermediates.noindex/HomeAutomationCore.build/Debug/HomeAutomationCore.build/Objects-normal/arm64/HomeAutomationCore.SwiftConstValuesFileList --force --compile-time-extraction --deployment-aware-processing --validate-assistant-intents --no-app-shortcuts-localization
2026-05-17 22:31:43.610 appintentsmetadataprocessor[87453:12982375] Starting appintentsmetadataprocessor export
2026-05-17 22:31:43.791 appintentsmetadataprocessor[87453:12982375] Extracted no relevant App Intents symbols, skipping writing output

RegisterExecutionPolicyException /Users/samin/Library/Developer/Xcode/DerivedData/HomeAutomation-dbhmgkldyjylvqecitwcozchikhf/Build/Products/Debug/HomeAutomationCore.o (in target 'HomeAutomationCore' from project 'HomeAutomationCore')
    cd /Users/samin/Downloads/untitled\ folder/HomeAutomation/HomeAutomationCore
    builtin-RegisterExecutionPolicyException /Users/samin/Library/Developer/Xcode/DerivedData/HomeAutomation-dbhmgkldyjylvqecitwcozchikhf/Build/Products/Debug/HomeAutomationCore.o

Ld /Users/samin/Library/Developer/Xcode/DerivedData/HomeAutomation-dbhmgkldyjylvqecitwcozchikhf/Build/Products/Debug/HomeAutomationRAG.o normal (in target 'HomeAutomationRAG' from project 'HomeAutomationCore')
    cd /Users/samin/Downloads/untitled\ folder/HomeAutomation/HomeAutomationCore
    /Applications/Xcode-beta.app/Contents/Developer/Toolchains/XcodeDefault.xctoolchain/usr/bin/clang -Xlinker -reproducible -target arm64-apple-macos26.0 -r -isysroot /Applications/Xcode-beta.app/Contents/Developer/Platforms/MacOSX.platform/Developer/SDKs/MacOSX26.1.sdk -O0 -w -L/Users/samin/Library/Developer/Xcode/DerivedData/HomeAutomation-dbhmgkldyjylvqecitwcozchikhf/Build/Intermediates.noindex/EagerLinkingTBDs/Debug -L/Users/samin/Library/Developer/Xcode/DerivedData/HomeAutomation-dbhmgkldyjylvqecitwcozchikhf/Build/Products/Debug -L/Applications/Xcode-beta.app/Contents/Developer/Platforms/MacOSX.platform/Developer/usr/lib -F/Users/samin/Library/Developer/Xcode/DerivedData/HomeAutomation-dbhmgkldyjylvqecitwcozchikhf/Build/Intermediates.noindex/EagerLinkingTBDs/Debug -F/Users/samin/Library/Developer/Xcode/DerivedData/HomeAutomation-dbhmgkldyjylvqecitwcozchikhf/Build/Products/Debug/PackageFrameworks -F/Users/samin/Library/Developer/Xcode/DerivedData/HomeAutomation-dbhmgkldyjylvqecitwcozchikhf/Build/Products/Debug -iframework /Applications/Xcode-beta.app/Contents/Developer/Platforms/MacOSX.platform/Developer/Library/Frameworks -filelist /Users/samin/Library/Developer/Xcode/DerivedData/HomeAutomation-dbhmgkldyjylvqecitwcozchikhf/Build/Intermediates.noindex/HomeAutomationCore.build/Debug/HomeAutomationRAG.build/Objects-normal/arm64/HomeAutomationRAG.LinkFileList -nostdlib -Xlinker -object_path_lto -Xlinker /Users/samin/Library/Developer/Xcode/DerivedData/HomeAutomation-dbhmgkldyjylvqecitwcozchikhf/Build/Intermediates.noindex/HomeAutomationCore.build/Debug/HomeAutomationRAG.build/Objects-normal/arm64/HomeAutomationRAG_lto.o -rdynamic -Xlinker -no_deduplicate -Xlinker -dependency_info -Xlinker /Users/samin/Library/Developer/Xcode/DerivedData/HomeAutomation-dbhmgkldyjylvqecitwcozchikhf/Build/Intermediates.noindex/HomeAutomationCore.build/Debug/HomeAutomationRAG.build/Objects-normal/arm64/HomeAutomationRAG_dependency_info.dat -fobjc-link-runtime -L/Applications/Xcode-beta.app/Contents/Developer/Toolchains/XcodeDefault.xctoolchain/usr/lib/swift/macosx -L/usr/lib/swift -Xlinker -add_ast_path -Xlinker /Users/samin/Library/Developer/Xcode/DerivedData/HomeAutomation-dbhmgkldyjylvqecitwcozchikhf/Build/Intermediates.noindex/HomeAutomationCore.build/Debug/HomeAutomationRAG.build/Objects-normal/arm64/HomeAutomationRAG.swiftmodule @/Users/samin/Library/Developer/Xcode/DerivedData/HomeAutomation-dbhmgkldyjylvqecitwcozchikhf/Build/Intermediates.noindex/HomeAutomationCore.build/Debug/HomeAutomationRAG.build/Objects-normal/arm64/HomeAutomationRAG-linker-args.resp -o /Users/samin/Library/Developer/Xcode/DerivedData/HomeAutomation-dbhmgkldyjylvqecitwcozchikhf/Build/Products/Debug/HomeAutomationRAG.o

ExtractAppIntentsMetadata (in target 'HomeAutomationRAG' from project 'HomeAutomationCore')
    cd /Users/samin/Downloads/untitled\ folder/HomeAutomation/HomeAutomationCore
    /Applications/Xcode-beta.app/Contents/Developer/Toolchains/XcodeDefault.xctoolchain/usr/bin/appintentsmetadataprocessor --toolchain-dir /Applications/Xcode-beta.app/Contents/Developer/Toolchains/XcodeDefault.xctoolchain --module-name HomeAutomationRAG --sdk-root /Applications/Xcode-beta.app/Contents/Developer/Platforms/MacOSX.platform/Developer/SDKs/MacOSX26.1.sdk --xcode-version 17B5025f --platform-family macOS --deployment-target 26.0 --bundle-identifier homeautomationcore.HomeAutomationRAG --output /Users/samin/Library/Developer/Xcode/DerivedData/HomeAutomation-dbhmgkldyjylvqecitwcozchikhf/Build/Products/Debug/HomeAutomationRAG.appintents --target-triple arm64-apple-macos26.0 --binary-file /Users/samin/Library/Developer/Xcode/DerivedData/HomeAutomation-dbhmgkldyjylvqecitwcozchikhf/Build/Products/Debug/HomeAutomationRAG.o --dependency-file /Users/samin/Library/Developer/Xcode/DerivedData/HomeAutomation-dbhmgkldyjylvqecitwcozchikhf/Build/Intermediates.noindex/HomeAutomationCore.build/Debug/HomeAutomationRAG.build/Objects-normal/arm64/HomeAutomationRAG_dependency_info.dat --stringsdata-file /Users/samin/Library/Developer/Xcode/DerivedData/HomeAutomation-dbhmgkldyjylvqecitwcozchikhf/Build/Intermediates.noindex/HomeAutomationCore.build/Debug/HomeAutomationRAG.build/Objects-normal/arm64/ExtractedAppShortcutsMetadata.stringsdata --source-file-list /Users/samin/Library/Developer/Xcode/DerivedData/HomeAutomation-dbhmgkldyjylvqecitwcozchikhf/Build/Intermediates.noindex/HomeAutomationCore.build/Debug/HomeAutomationRAG.build/Objects-normal/arm64/HomeAutomationRAG.SwiftFileList --metadata-file-list /Users/samin/Library/Developer/Xcode/DerivedData/HomeAutomation-dbhmgkldyjylvqecitwcozchikhf/Build/Intermediates.noindex/HomeAutomationCore.build/Debug/HomeAutomationRAG.build/HomeAutomationRAG.DependencyMetadataFileList --static-metadata-file-list /Users/samin/Library/Developer/Xcode/DerivedData/HomeAutomation-dbhmgkldyjylvqecitwcozchikhf/Build/Intermediates.noindex/HomeAutomationCore.build/Debug/HomeAutomationRAG.build/HomeAutomationRAG.DependencyStaticMetadataFileList --swift-const-vals-list /Users/samin/Library/Developer/Xcode/DerivedData/HomeAutomation-dbhmgkldyjylvqecitwcozchikhf/Build/Intermediates.noindex/HomeAutomationCore.build/Debug/HomeAutomationRAG.build/Objects-normal/arm64/HomeAutomationRAG.SwiftConstValuesFileList --force --compile-time-extraction --deployment-aware-processing --validate-assistant-intents --no-app-shortcuts-localization
2026-05-17 22:31:43.873 appintentsmetadataprocessor[87461:12982404] Starting appintentsmetadataprocessor export
2026-05-17 22:31:44.031 appintentsmetadataprocessor[87461:12982404] Extracted no relevant App Intents symbols, skipping writing output

SwiftCompile normal arm64 Compiling\ CandidateRetrievalAgent.swift,\ CandidateShardAgent.swift,\ DraftGenerationAgent.swift,\ DraftRepairAgent.swift /Users/samin/Downloads/untitled\ folder/HomeAutomation/HomeAutomationCore/Sources/HomeAutomationAgents/Candidates/CandidateRetrievalAgent.swift /Users/samin/Downloads/untitled\ folder/HomeAutomation/HomeAutomationCore/Sources/HomeAutomationAgents/Candidates/CandidateShardAgent.swift /Users/samin/Downloads/untitled\ folder/HomeAutomation/HomeAutomationCore/Sources/HomeAutomationAgents/Draft/DraftGenerationAgent.swift /Users/samin/Downloads/untitled\ folder/HomeAutomation/HomeAutomationCore/Sources/HomeAutomationAgents/Draft/DraftRepairAgent.swift (in target 'HomeAutomationAgents' from project 'HomeAutomationCore')
SwiftCompile normal arm64 /Users/samin/Downloads/untitled\ folder/HomeAutomation/HomeAutomationCore/Sources/HomeAutomationAgents/Candidates/CandidateRetrievalAgent.swift (in target 'HomeAutomationAgents' from project 'HomeAutomationCore')
    cd /Users/samin/Downloads/untitled\ folder/HomeAutomation/HomeAutomation.xcodeproj
    

SwiftCompile normal arm64 /Users/samin/Downloads/untitled\ folder/HomeAutomation/HomeAutomationCore/Sources/HomeAutomationAgents/Candidates/CandidateShardAgent.swift (in target 'HomeAutomationAgents' from project 'HomeAutomationCore')
    cd /Users/samin/Downloads/untitled\ folder/HomeAutomation/HomeAutomation.xcodeproj
    

SwiftCompile normal arm64 /Users/samin/Downloads/untitled\ folder/HomeAutomation/HomeAutomationCore/Sources/HomeAutomationAgents/Draft/DraftGenerationAgent.swift (in target 'HomeAutomationAgents' from project 'HomeAutomationCore')
    cd /Users/samin/Downloads/untitled\ folder/HomeAutomation/HomeAutomation.xcodeproj
    

SwiftCompile normal arm64 /Users/samin/Downloads/untitled\ folder/HomeAutomation/HomeAutomationCore/Sources/HomeAutomationAgents/Draft/DraftRepairAgent.swift (in target 'HomeAutomationAgents' from project 'HomeAutomationCore')
    cd /Users/samin/Downloads/untitled\ folder/HomeAutomation/HomeAutomation.xcodeproj
    

SwiftEmitModule normal arm64 Emitting\ module\ for\ HomeAutomationAgents (in target 'HomeAutomationAgents' from project 'HomeAutomationCore')
EmitSwiftModule normal arm64 (in target 'HomeAutomationAgents' from project 'HomeAutomationCore')
    cd /Users/samin/Downloads/untitled\ folder/HomeAutomation/HomeAutomation.xcodeproj
    

SwiftCompile normal arm64 Compiling\ CommandExampleAgent.swift,\ RetrievalJudgeAgent.swift,\ DeviceTypeAgent.swift,\ DomainAgent.swift /Users/samin/Downloads/untitled\ folder/HomeAutomation/HomeAutomationCore/Sources/HomeAutomationAgents/Knowledge/CommandExampleAgent.swift /Users/samin/Downloads/untitled\ folder/HomeAutomation/HomeAutomationCore/Sources/HomeAutomationAgents/Knowledge/RetrievalJudgeAgent.swift /Users/samin/Downloads/untitled\ folder/HomeAutomation/HomeAutomationCore/Sources/HomeAutomationAgents/NLU/DeviceTypeAgent.swift /Users/samin/Downloads/untitled\ folder/HomeAutomation/HomeAutomationCore/Sources/HomeAutomationAgents/NLU/DomainAgent.swift (in target 'HomeAutomationAgents' from project 'HomeAutomationCore')

SwiftCompile normal arm64 /Users/samin/Downloads/untitled\ folder/HomeAutomation/HomeAutomationCore/Sources/HomeAutomationAgents/Knowledge/CommandExampleAgent.swift (in target 'HomeAutomationAgents' from project 'HomeAutomationCore')
    cd /Users/samin/Downloads/untitled\ folder/HomeAutomation/HomeAutomation.xcodeproj
    

SwiftCompile normal arm64 /Users/samin/Downloads/untitled\ folder/HomeAutomation/HomeAutomationCore/Sources/HomeAutomationAgents/Knowledge/RetrievalJudgeAgent.swift (in target 'HomeAutomationAgents' from project 'HomeAutomationCore')
    cd /Users/samin/Downloads/untitled\ folder/HomeAutomation/HomeAutomation.xcodeproj
    

SwiftCompile normal arm64 /Users/samin/Downloads/untitled\ folder/HomeAutomation/HomeAutomationCore/Sources/HomeAutomationAgents/NLU/DeviceTypeAgent.swift (in target 'HomeAutomationAgents' from project 'HomeAutomationCore')
    cd /Users/samin/Downloads/untitled\ folder/HomeAutomation/HomeAutomation.xcodeproj
    

SwiftCompile normal arm64 /Users/samin/Downloads/untitled\ folder/HomeAutomation/HomeAutomationCore/Sources/HomeAutomationAgents/NLU/DomainAgent.swift (in target 'HomeAutomationAgents' from project 'HomeAutomationCore')
    cd /Users/samin/Downloads/untitled\ folder/HomeAutomation/HomeAutomation.xcodeproj
    

SwiftCompile normal arm64 Compiling\ ConfirmationPolicyAgent.swift,\ ParameterValidationAgent.swift,\ SafetyValidationAgent.swift /Users/samin/Downloads/untitled\ folder/HomeAutomation/HomeAutomationCore/Sources/HomeAutomationAgents/Safety/ConfirmationPolicyAgent.swift /Users/samin/Downloads/untitled\ folder/HomeAutomation/HomeAutomationCore/Sources/HomeAutomationAgents/Safety/ParameterValidationAgent.swift /Users/samin/Downloads/untitled\ folder/HomeAutomation/HomeAutomationCore/Sources/HomeAutomationAgents/Safety/SafetyValidationAgent.swift (in target 'HomeAutomationAgents' from project 'HomeAutomationCore')

SwiftCompile normal arm64 /Users/samin/Downloads/untitled\ folder/HomeAutomation/HomeAutomationCore/Sources/HomeAutomationAgents/Safety/ConfirmationPolicyAgent.swift (in target 'HomeAutomationAgents' from project 'HomeAutomationCore')
    cd /Users/samin/Downloads/untitled\ folder/HomeAutomation/HomeAutomation.xcodeproj
    

SwiftCompile normal arm64 /Users/samin/Downloads/untitled\ folder/HomeAutomation/HomeAutomationCore/Sources/HomeAutomationAgents/Safety/ParameterValidationAgent.swift (in target 'HomeAutomationAgents' from project 'HomeAutomationCore')
    cd /Users/samin/Downloads/untitled\ folder/HomeAutomation/HomeAutomation.xcodeproj
    

SwiftCompile normal arm64 /Users/samin/Downloads/untitled\ folder/HomeAutomation/HomeAutomationCore/Sources/HomeAutomationAgents/Safety/SafetyValidationAgent.swift (in target 'HomeAutomationAgents' from project 'HomeAutomationCore')
    cd /Users/samin/Downloads/untitled\ folder/HomeAutomation/HomeAutomation.xcodeproj
    

SwiftCompile normal arm64 Compiling\ IntentFamilyAgent.swift,\ LanguageAgent.swift,\ RiskClassificationAgent.swift /Users/samin/Downloads/untitled\ folder/HomeAutomation/HomeAutomationCore/Sources/HomeAutomationAgents/NLU/IntentFamilyAgent.swift /Users/samin/Downloads/untitled\ folder/HomeAutomation/HomeAutomationCore/Sources/HomeAutomationAgents/NLU/LanguageAgent.swift /Users/samin/Downloads/untitled\ folder/HomeAutomation/HomeAutomationCore/Sources/HomeAutomationAgents/NLU/RiskClassificationAgent.swift (in target 'HomeAutomationAgents' from project 'HomeAutomationCore')

SwiftCompile normal arm64 /Users/samin/Downloads/untitled\ folder/HomeAutomation/HomeAutomationCore/Sources/HomeAutomationAgents/NLU/IntentFamilyAgent.swift (in target 'HomeAutomationAgents' from project 'HomeAutomationCore')
    cd /Users/samin/Downloads/untitled\ folder/HomeAutomation/HomeAutomation.xcodeproj
    

SwiftCompile normal arm64 /Users/samin/Downloads/untitled\ folder/HomeAutomation/HomeAutomationCore/Sources/HomeAutomationAgents/NLU/LanguageAgent.swift (in target 'HomeAutomationAgents' from project 'HomeAutomationCore')
    cd /Users/samin/Downloads/untitled\ folder/HomeAutomation/HomeAutomation.xcodeproj
    

SwiftCompile normal arm64 /Users/samin/Downloads/untitled\ folder/HomeAutomation/HomeAutomationCore/Sources/HomeAutomationAgents/NLU/RiskClassificationAgent.swift (in target 'HomeAutomationAgents' from project 'HomeAutomationCore')
    cd /Users/samin/Downloads/untitled\ folder/HomeAutomation/HomeAutomation.xcodeproj
    

SwiftCompile normal arm64 Compiling\ AutomationDraftAgent.swift,\ AutomationValidationAgent.swift,\ CandidateHydrationAgent.swift,\ CandidateRankingAgent.swift /Users/samin/Downloads/untitled\ folder/HomeAutomation/HomeAutomationCore/Sources/HomeAutomationAgents/Automation/AutomationDraftAgent.swift /Users/samin/Downloads/untitled\ folder/HomeAutomation/HomeAutomationCore/Sources/HomeAutomationAgents/Automation/AutomationValidationAgent.swift /Users/samin/Downloads/untitled\ folder/HomeAutomation/HomeAutomationCore/Sources/HomeAutomationAgents/Candidates/CandidateHydrationAgent.swift /Users/samin/Downloads/untitled\ folder/HomeAutomation/HomeAutomationCore/Sources/HomeAutomationAgents/Candidates/CandidateRankingAgent.swift (in target 'HomeAutomationAgents' from project 'HomeAutomationCore')

SwiftCompile normal arm64 /Users/samin/Downloads/untitled\ folder/HomeAutomation/HomeAutomationCore/Sources/HomeAutomationAgents/Automation/AutomationDraftAgent.swift (in target 'HomeAutomationAgents' from project 'HomeAutomationCore')
    cd /Users/samin/Downloads/untitled\ folder/HomeAutomation/HomeAutomation.xcodeproj
    

SwiftCompile normal arm64 /Users/samin/Downloads/untitled\ folder/HomeAutomation/HomeAutomationCore/Sources/HomeAutomationAgents/Automation/AutomationValidationAgent.swift (in target 'HomeAutomationAgents' from project 'HomeAutomationCore')
    cd /Users/samin/Downloads/untitled\ folder/HomeAutomation/HomeAutomation.xcodeproj
    

SwiftCompile normal arm64 /Users/samin/Downloads/untitled\ folder/HomeAutomation/HomeAutomationCore/Sources/HomeAutomationAgents/Candidates/CandidateHydrationAgent.swift (in target 'HomeAutomationAgents' from project 'HomeAutomationCore')
    cd /Users/samin/Downloads/untitled\ folder/HomeAutomation/HomeAutomation.xcodeproj
    

SwiftCompile normal arm64 /Users/samin/Downloads/untitled\ folder/HomeAutomation/HomeAutomationCore/Sources/HomeAutomationAgents/Candidates/CandidateRankingAgent.swift (in target 'HomeAutomationAgents' from project 'HomeAutomationCore')
    cd /Users/samin/Downloads/untitled\ folder/HomeAutomation/HomeAutomation.xcodeproj
    

SwiftCompile normal arm64 Compiling\ RuleFallbackAgent.swift,\ UnsupportedCommandAgent.swift,\ BixbyKnowledgeAgent.swift,\ CapabilityKnowledgeAgent.swift /Users/samin/Downloads/untitled\ folder/HomeAutomation/HomeAutomationCore/Sources/HomeAutomationAgents/Fallback/RuleFallbackAgent.swift /Users/samin/Downloads/untitled\ folder/HomeAutomation/HomeAutomationCore/Sources/HomeAutomationAgents/Fallback/UnsupportedCommandAgent.swift /Users/samin/Downloads/untitled\ folder/HomeAutomation/HomeAutomationCore/Sources/HomeAutomationAgents/Knowledge/BixbyKnowledgeAgent.swift /Users/samin/Downloads/untitled\ folder/HomeAutomation/HomeAutomationCore/Sources/HomeAutomationAgents/Knowledge/CapabilityKnowledgeAgent.swift (in target 'HomeAutomationAgents' from project 'HomeAutomationCore')

SwiftCompile normal arm64 /Users/samin/Downloads/untitled\ folder/HomeAutomation/HomeAutomationCore/Sources/HomeAutomationAgents/Fallback/RuleFallbackAgent.swift (in target 'HomeAutomationAgents' from project 'HomeAutomationCore')
    cd /Users/samin/Downloads/untitled\ folder/HomeAutomation/HomeAutomation.xcodeproj
    

SwiftCompile normal arm64 /Users/samin/Downloads/untitled\ folder/HomeAutomation/HomeAutomationCore/Sources/HomeAutomationAgents/Fallback/UnsupportedCommandAgent.swift (in target 'HomeAutomationAgents' from project 'HomeAutomationCore')
    cd /Users/samin/Downloads/untitled\ folder/HomeAutomation/HomeAutomation.xcodeproj
    

SwiftCompile normal arm64 /Users/samin/Downloads/untitled\ folder/HomeAutomation/HomeAutomationCore/Sources/HomeAutomationAgents/Knowledge/BixbyKnowledgeAgent.swift (in target 'HomeAutomationAgents' from project 'HomeAutomationCore')
    cd /Users/samin/Downloads/untitled\ folder/HomeAutomation/HomeAutomation.xcodeproj
    

SwiftCompile normal arm64 /Users/samin/Downloads/untitled\ folder/HomeAutomation/HomeAutomationCore/Sources/HomeAutomationAgents/Knowledge/CapabilityKnowledgeAgent.swift (in target 'HomeAutomationAgents' from project 'HomeAutomationCore')
    cd /Users/samin/Downloads/untitled\ folder/HomeAutomation/HomeAutomation.xcodeproj
    

SwiftCompile normal arm64 Compiling\ InstructionComposerAgent.swift,\ ExecutionPlanningAgent.swift,\ MockExecutionAgent.swift,\ BixbyFallbackAgent.swift /Users/samin/Downloads/untitled\ folder/HomeAutomation/HomeAutomationCore/Sources/HomeAutomationAgents/Draft/InstructionComposerAgent.swift /Users/samin/Downloads/untitled\ folder/HomeAutomation/HomeAutomationCore/Sources/HomeAutomationAgents/Execution/ExecutionPlanningAgent.swift /Users/samin/Downloads/untitled\ folder/HomeAutomation/HomeAutomationCore/Sources/HomeAutomationAgents/Execution/MockExecutionAgent.swift /Users/samin/Downloads/untitled\ folder/HomeAutomation/HomeAutomationCore/Sources/HomeAutomationAgents/Fallback/BixbyFallbackAgent.swift (in target 'HomeAutomationAgents' from project 'HomeAutomationCore')

SwiftCompile normal arm64 /Users/samin/Downloads/untitled\ folder/HomeAutomation/HomeAutomationCore/Sources/HomeAutomationAgents/Draft/InstructionComposerAgent.swift (in target 'HomeAutomationAgents' from project 'HomeAutomationCore')
    cd /Users/samin/Downloads/untitled\ folder/HomeAutomation/HomeAutomation.xcodeproj
    

SwiftCompile normal arm64 /Users/samin/Downloads/untitled\ folder/HomeAutomation/HomeAutomationCore/Sources/HomeAutomationAgents/Execution/ExecutionPlanningAgent.swift (in target 'HomeAutomationAgents' from project 'HomeAutomationCore')
    cd /Users/samin/Downloads/untitled\ folder/HomeAutomation/HomeAutomation.xcodeproj
    

SwiftCompile normal arm64 /Users/samin/Downloads/untitled\ folder/HomeAutomation/HomeAutomationCore/Sources/HomeAutomationAgents/Execution/MockExecutionAgent.swift (in target 'HomeAutomationAgents' from project 'HomeAutomationCore')
    cd /Users/samin/Downloads/untitled\ folder/HomeAutomation/HomeAutomation.xcodeproj
    

SwiftCompile normal arm64 /Users/samin/Downloads/untitled\ folder/HomeAutomation/HomeAutomationCore/Sources/HomeAutomationAgents/Fallback/BixbyFallbackAgent.swift (in target 'HomeAutomationAgents' from project 'HomeAutomationCore')
    cd /Users/samin/Downloads/untitled\ folder/HomeAutomation/HomeAutomation.xcodeproj
    

SwiftDriverJobDiscovery normal arm64 Compiling ConfirmationPolicyAgent.swift, ParameterValidationAgent.swift, SafetyValidationAgent.swift (in target 'HomeAutomationAgents' from project 'HomeAutomationCore')

SwiftCompile normal arm64 Compiling\ SlotExtractionAgent.swift,\ ClarificationAgent.swift,\ ResultSummaryAgent.swift /Users/samin/Downloads/untitled\ folder/HomeAutomation/HomeAutomationCore/Sources/HomeAutomationAgents/NLU/SlotExtractionAgent.swift /Users/samin/Downloads/untitled\ folder/HomeAutomation/HomeAutomationCore/Sources/HomeAutomationAgents/Response/ClarificationAgent.swift /Users/samin/Downloads/untitled\ folder/HomeAutomation/HomeAutomationCore/Sources/HomeAutomationAgents/Response/ResultSummaryAgent.swift (in target 'HomeAutomationAgents' from project 'HomeAutomationCore')

SwiftCompile normal arm64 /Users/samin/Downloads/untitled\ folder/HomeAutomation/HomeAutomationCore/Sources/HomeAutomationAgents/NLU/SlotExtractionAgent.swift (in target 'HomeAutomationAgents' from project 'HomeAutomationCore')
    cd /Users/samin/Downloads/untitled\ folder/HomeAutomation/HomeAutomation.xcodeproj
    

SwiftCompile normal arm64 /Users/samin/Downloads/untitled\ folder/HomeAutomation/HomeAutomationCore/Sources/HomeAutomationAgents/Response/ClarificationAgent.swift (in target 'HomeAutomationAgents' from project 'HomeAutomationCore')
    cd /Users/samin/Downloads/untitled\ folder/HomeAutomation/HomeAutomation.xcodeproj
    

SwiftCompile normal arm64 /Users/samin/Downloads/untitled\ folder/HomeAutomation/HomeAutomationCore/Sources/HomeAutomationAgents/Response/ResultSummaryAgent.swift (in target 'HomeAutomationAgents' from project 'HomeAutomationCore')
    cd /Users/samin/Downloads/untitled\ folder/HomeAutomation/HomeAutomation.xcodeproj
    

RegisterExecutionPolicyException /Users/samin/Library/Developer/Xcode/DerivedData/HomeAutomation-dbhmgkldyjylvqecitwcozchikhf/Build/Products/Debug/HomeAutomationRAG.o (in target 'HomeAutomationRAG' from project 'HomeAutomationCore')
    cd /Users/samin/Downloads/untitled\ folder/HomeAutomation/HomeAutomationCore
    builtin-RegisterExecutionPolicyException /Users/samin/Library/Developer/Xcode/DerivedData/HomeAutomation-dbhmgkldyjylvqecitwcozchikhf/Build/Products/Debug/HomeAutomationRAG.o

SwiftDriverJobDiscovery normal arm64 Compiling IntentFamilyAgent.swift, LanguageAgent.swift, RiskClassificationAgent.swift (in target 'HomeAutomationAgents' from project 'HomeAutomationCore')

SwiftDriverJobDiscovery normal arm64 Compiling CandidateRetrievalAgent.swift, CandidateShardAgent.swift, DraftGenerationAgent.swift, DraftRepairAgent.swift (in target 'HomeAutomationAgents' from project 'HomeAutomationCore')

SwiftDriverJobDiscovery normal arm64 Compiling SlotExtractionAgent.swift, ClarificationAgent.swift, ResultSummaryAgent.swift (in target 'HomeAutomationAgents' from project 'HomeAutomationCore')

SwiftDriverJobDiscovery normal arm64 Compiling AutomationDraftAgent.swift, AutomationValidationAgent.swift, CandidateHydrationAgent.swift, CandidateRankingAgent.swift (in target 'HomeAutomationAgents' from project 'HomeAutomationCore')

SwiftDriverJobDiscovery normal arm64 Compiling InstructionComposerAgent.swift, ExecutionPlanningAgent.swift, MockExecutionAgent.swift, BixbyFallbackAgent.swift (in target 'HomeAutomationAgents' from project 'HomeAutomationCore')

SwiftDriverJobDiscovery normal arm64 Compiling CommandExampleAgent.swift, RetrievalJudgeAgent.swift, DeviceTypeAgent.swift, DomainAgent.swift (in target 'HomeAutomationAgents' from project 'HomeAutomationCore')

SwiftDriverJobDiscovery normal arm64 Compiling RuleFallbackAgent.swift, UnsupportedCommandAgent.swift, BixbyKnowledgeAgent.swift, CapabilityKnowledgeAgent.swift (in target 'HomeAutomationAgents' from project 'HomeAutomationCore')

SwiftDriverJobDiscovery normal arm64 Emitting module for HomeAutomationAgents (in target 'HomeAutomationAgents' from project 'HomeAutomationCore')

SwiftDriver\ Compilation\ Requirements HomeAutomationAgents normal arm64 com.apple.xcode.tools.swift.compiler (in target 'HomeAutomationAgents' from project 'HomeAutomationCore')
    cd /Users/samin/Downloads/untitled\ folder/HomeAutomation/HomeAutomation.xcodeproj
    builtin-Swift-Compilation-Requirements -- /Applications/Xcode-beta.app/Contents/Developer/Toolchains/XcodeDefault.xctoolchain/usr/bin/swiftc -module-name HomeAutomationAgents -Onone -enforce-exclusivity\=checked @/Users/samin/Library/Developer/Xcode/DerivedData/HomeAutomation-dbhmgkldyjylvqecitwcozchikhf/Build/Intermediates.noindex/HomeAutomationCore.build/Debug/HomeAutomationAgents.build/Objects-normal/arm64/HomeAutomationAgents.SwiftFileList -DSWIFT_PACKAGE -DDEBUG -DSWIFT_MODULE_RESOURCE_BUNDLE_UNAVAILABLE -DXcode -plugin-path /Applications/Xcode-beta.app/Contents/Developer/Toolchains/XcodeDefault.xctoolchain/usr/lib/swift/host/plugins/testing -enable-experimental-feature DebugDescriptionMacro -sdk /Applications/Xcode-beta.app/Contents/Developer/Platforms/MacOSX.platform/Developer/SDKs/MacOSX26.1.sdk -target arm64-apple-macos26.0 -g -module-cache-path /Users/samin/Library/Developer/Xcode/DerivedData/ModuleCache.noindex -Xfrontend -serialize-debugging-options -enable-testing -suppress-warnings -index-store-path /Users/samin/Library/Developer/Xcode/DerivedData/HomeAutomation-dbhmgkldyjylvqecitwcozchikhf/Index.noindex/DataStore -Xcc -D_LIBCPP_HARDENING_MODE\=_LIBCPP_HARDENING_MODE_DEBUG -swift-version 6 -I /Users/samin/Library/Developer/Xcode/DerivedData/HomeAutomation-dbhmgkldyjylvqecitwcozchikhf/Build/Products/Debug -Isystem /Applications/Xcode-beta.app/Contents/Developer/Platforms/MacOSX.platform/Developer/usr/lib -F /Users/samin/Library/Developer/Xcode/DerivedData/HomeAutomation-dbhmgkldyjylvqecitwcozchikhf/Build/Products/Debug/PackageFrameworks -F /Users/samin/Library/Developer/Xcode/DerivedData/HomeAutomation-dbhmgkldyjylvqecitwcozchikhf/Build/Products/Debug/PackageFrameworks -F /Users/samin/Library/Developer/Xcode/DerivedData/HomeAutomation-dbhmgkldyjylvqecitwcozchikhf/Build/Products/Debug -F /Applications/Xcode-beta.app/Contents/Developer/Platforms/MacOSX.platform/Developer/Library/Frameworks -c -j8 -enable-batch-mode -incremental -Xcc -ivfsstatcache -Xcc /Users/samin/Library/Developer/Xcode/DerivedData/SDKStatCaches.noindex/macosx26.1-25B5042i-d77eb18e28310dc39e4af1f069d89823.sdkstatcache -output-file-map /Users/samin/Library/Developer/Xcode/DerivedData/HomeAutomation-dbhmgkldyjylvqecitwcozchikhf/Build/Intermediates.noindex/HomeAutomationCore.build/Debug/HomeAutomationAgents.build/Objects-normal/arm64/HomeAutomationAgents-OutputFileMap.json -use-frontend-parseable-output -save-temps -no-color-diagnostics -explicit-module-build -module-cache-path /Users/samin/Library/Developer/Xcode/DerivedData/HomeAutomation-dbhmgkldyjylvqecitwcozchikhf/Build/Intermediates.noindex/SwiftExplicitPrecompiledModules -clang-scanner-module-cache-path /Users/samin/Library/Developer/Xcode/DerivedData/ModuleCache.noindex -sdk-module-cache-path /Users/samin/Library/Developer/Xcode/DerivedData/ModuleCache.noindex -serialize-diagnostics -emit-dependencies -emit-module -emit-module-path /Users/samin/Library/Developer/Xcode/DerivedData/HomeAutomation-dbhmgkldyjylvqecitwcozchikhf/Build/Intermediates.noindex/HomeAutomationCore.build/Debug/HomeAutomationAgents.build/Objects-normal/arm64/HomeAutomationAgents.swiftmodule -validate-clang-modules-once -clang-build-session-file /Users/samin/Library/Developer/Xcode/DerivedData/ModuleCache.noindex/Session.modulevalidation -package-name homeautomationcore -Xcc -I/Users/samin/Library/Developer/Xcode/DerivedData/HomeAutomation-dbhmgkldyjylvqecitwcozchikhf/Build/Intermediates.noindex/HomeAutomationCore.build/Debug/HomeAutomationAgents.build/swift-overrides.hmap -emit-const-values -Xfrontend -const-gather-protocols-file -Xfrontend /Users/samin/Library/Developer/Xcode/DerivedData/HomeAutomation-dbhmgkldyjylvqecitwcozchikhf/Build/Intermediates.noindex/HomeAutomationCore.build/Debug/HomeAutomationAgents.build/Objects-normal/arm64/HomeAutomationAgents_const_extract_protocols.json -Xcc -I/Users/samin/Library/Developer/Xcode/DerivedData/HomeAutomation-dbhmgkldyjylvqecitwcozchikhf/Build/Products/Debug/include -Xcc -I/Users/samin/Library/Developer/Xcode/DerivedData/HomeAutomation-dbhmgkldyjylvqecitwcozchikhf/Build/Intermediates.noindex/HomeAutomationCore.build/Debug/HomeAutomationAgents.build/DerivedSources-normal/arm64 -Xcc -I/Users/samin/Library/Developer/Xcode/DerivedData/HomeAutomation-dbhmgkldyjylvqecitwcozchikhf/Build/Intermediates.noindex/HomeAutomationCore.build/Debug/HomeAutomationAgents.build/DerivedSources/arm64 -Xcc -I/Users/samin/Library/Developer/Xcode/DerivedData/HomeAutomation-dbhmgkldyjylvqecitwcozchikhf/Build/Intermediates.noindex/HomeAutomationCore.build/Debug/HomeAutomationAgents.build/DerivedSources -Xcc -DSWIFT_PACKAGE -Xcc -DDEBUG\=1 -emit-objc-header -emit-objc-header-path /Users/samin/Library/Developer/Xcode/DerivedData/HomeAutomation-dbhmgkldyjylvqecitwcozchikhf/Build/Intermediates.noindex/HomeAutomationCore.build/Debug/HomeAutomationAgents.build/Objects-normal/arm64/HomeAutomationAgents-Swift.h -working-directory /Users/samin/Downloads/untitled\ folder/HomeAutomation/HomeAutomation.xcodeproj -experimental-emit-module-separately -disable-cmo

SwiftDriver\ Compilation HomeAutomationAgents normal arm64 com.apple.xcode.tools.swift.compiler (in target 'HomeAutomationAgents' from project 'HomeAutomationCore')
    cd /Users/samin/Downloads/untitled\ folder/HomeAutomation/HomeAutomation.xcodeproj
    builtin-Swift-Compilation -- /Applications/Xcode-beta.app/Contents/Developer/Toolchains/XcodeDefault.xctoolchain/usr/bin/swiftc -module-name HomeAutomationAgents -Onone -enforce-exclusivity\=checked @/Users/samin/Library/Developer/Xcode/DerivedData/HomeAutomation-dbhmgkldyjylvqecitwcozchikhf/Build/Intermediates.noindex/HomeAutomationCore.build/Debug/HomeAutomationAgents.build/Objects-normal/arm64/HomeAutomationAgents.SwiftFileList -DSWIFT_PACKAGE -DDEBUG -DSWIFT_MODULE_RESOURCE_BUNDLE_UNAVAILABLE -DXcode -plugin-path /Applications/Xcode-beta.app/Contents/Developer/Toolchains/XcodeDefault.xctoolchain/usr/lib/swift/host/plugins/testing -enable-experimental-feature DebugDescriptionMacro -sdk /Applications/Xcode-beta.app/Contents/Developer/Platforms/MacOSX.platform/Developer/SDKs/MacOSX26.1.sdk -target arm64-apple-macos26.0 -g -module-cache-path /Users/samin/Library/Developer/Xcode/DerivedData/ModuleCache.noindex -Xfrontend -serialize-debugging-options -enable-testing -suppress-warnings -index-store-path /Users/samin/Library/Developer/Xcode/DerivedData/HomeAutomation-dbhmgkldyjylvqecitwcozchikhf/Index.noindex/DataStore -Xcc -D_LIBCPP_HARDENING_MODE\=_LIBCPP_HARDENING_MODE_DEBUG -swift-version 6 -I /Users/samin/Library/Developer/Xcode/DerivedData/HomeAutomation-dbhmgkldyjylvqecitwcozchikhf/Build/Products/Debug -Isystem /Applications/Xcode-beta.app/Contents/Developer/Platforms/MacOSX.platform/Developer/usr/lib -F /Users/samin/Library/Developer/Xcode/DerivedData/HomeAutomation-dbhmgkldyjylvqecitwcozchikhf/Build/Products/Debug/PackageFrameworks -F /Users/samin/Library/Developer/Xcode/DerivedData/HomeAutomation-dbhmgkldyjylvqecitwcozchikhf/Build/Products/Debug/PackageFrameworks -F /Users/samin/Library/Developer/Xcode/DerivedData/HomeAutomation-dbhmgkldyjylvqecitwcozchikhf/Build/Products/Debug -F /Applications/Xcode-beta.app/Contents/Developer/Platforms/MacOSX.platform/Developer/Library/Frameworks -c -j8 -enable-batch-mode -incremental -Xcc -ivfsstatcache -Xcc /Users/samin/Library/Developer/Xcode/DerivedData/SDKStatCaches.noindex/macosx26.1-25B5042i-d77eb18e28310dc39e4af1f069d89823.sdkstatcache -output-file-map /Users/samin/Library/Developer/Xcode/DerivedData/HomeAutomation-dbhmgkldyjylvqecitwcozchikhf/Build/Intermediates.noindex/HomeAutomationCore.build/Debug/HomeAutomationAgents.build/Objects-normal/arm64/HomeAutomationAgents-OutputFileMap.json -use-frontend-parseable-output -save-temps -no-color-diagnostics -explicit-module-build -module-cache-path /Users/samin/Library/Developer/Xcode/DerivedData/HomeAutomation-dbhmgkldyjylvqecitwcozchikhf/Build/Intermediates.noindex/SwiftExplicitPrecompiledModules -clang-scanner-module-cache-path /Users/samin/Library/Developer/Xcode/DerivedData/ModuleCache.noindex -sdk-module-cache-path /Users/samin/Library/Developer/Xcode/DerivedData/ModuleCache.noindex -serialize-diagnostics -emit-dependencies -emit-module -emit-module-path /Users/samin/Library/Developer/Xcode/DerivedData/HomeAutomation-dbhmgkldyjylvqecitwcozchikhf/Build/Intermediates.noindex/HomeAutomationCore.build/Debug/HomeAutomationAgents.build/Objects-normal/arm64/HomeAutomationAgents.swiftmodule -validate-clang-modules-once -clang-build-session-file /Users/samin/Library/Developer/Xcode/DerivedData/ModuleCache.noindex/Session.modulevalidation -package-name homeautomationcore -Xcc -I/Users/samin/Library/Developer/Xcode/DerivedData/HomeAutomation-dbhmgkldyjylvqecitwcozchikhf/Build/Intermediates.noindex/HomeAutomationCore.build/Debug/HomeAutomationAgents.build/swift-overrides.hmap -emit-const-values -Xfrontend -const-gather-protocols-file -Xfrontend /Users/samin/Library/Developer/Xcode/DerivedData/HomeAutomation-dbhmgkldyjylvqecitwcozchikhf/Build/Intermediates.noindex/HomeAutomationCore.build/Debug/HomeAutomationAgents.build/Objects-normal/arm64/HomeAutomationAgents_const_extract_protocols.json -Xcc -I/Users/samin/Library/Developer/Xcode/DerivedData/HomeAutomation-dbhmgkldyjylvqecitwcozchikhf/Build/Products/Debug/include -Xcc -I/Users/samin/Library/Developer/Xcode/DerivedData/HomeAutomation-dbhmgkldyjylvqecitwcozchikhf/Build/Intermediates.noindex/HomeAutomationCore.build/Debug/HomeAutomationAgents.build/DerivedSources-normal/arm64 -Xcc -I/Users/samin/Library/Developer/Xcode/DerivedData/HomeAutomation-dbhmgkldyjylvqecitwcozchikhf/Build/Intermediates.noindex/HomeAutomationCore.build/Debug/HomeAutomationAgents.build/DerivedSources/arm64 -Xcc -I/Users/samin/Library/Developer/Xcode/DerivedData/HomeAutomation-dbhmgkldyjylvqecitwcozchikhf/Build/Intermediates.noindex/HomeAutomationCore.build/Debug/HomeAutomationAgents.build/DerivedSources -Xcc -DSWIFT_PACKAGE -Xcc -DDEBUG\=1 -emit-objc-header -emit-objc-header-path /Users/samin/Library/Developer/Xcode/DerivedData/HomeAutomation-dbhmgkldyjylvqecitwcozchikhf/Build/Intermediates.noindex/HomeAutomationCore.build/Debug/HomeAutomationAgents.build/Objects-normal/arm64/HomeAutomationAgents-Swift.h -working-directory /Users/samin/Downloads/untitled\ folder/HomeAutomation/HomeAutomation.xcodeproj -experimental-emit-module-separately -disable-cmo

Copy /Users/samin/Library/Developer/Xcode/DerivedData/HomeAutomation-dbhmgkldyjylvqecitwcozchikhf/Build/Products/Debug/HomeAutomationAgents.swiftmodule/Project/arm64-apple-macos.swiftsourceinfo /Users/samin/Library/Developer/Xcode/DerivedData/HomeAutomation-dbhmgkldyjylvqecitwcozchikhf/Build/Intermediates.noindex/HomeAutomationCore.build/Debug/HomeAutomationAgents.build/Objects-normal/arm64/HomeAutomationAgents.swiftsourceinfo (in target 'HomeAutomationAgents' from project 'HomeAutomationCore')
    cd /Users/samin/Downloads/untitled\ folder/HomeAutomation/HomeAutomationCore
    builtin-copy -exclude .DS_Store -exclude CVS -exclude .svn -exclude .git -exclude .hg -resolve-src-symlinks -rename /Users/samin/Library/Developer/Xcode/DerivedData/HomeAutomation-dbhmgkldyjylvqecitwcozchikhf/Build/Intermediates.noindex/HomeAutomationCore.build/Debug/HomeAutomationAgents.build/Objects-normal/arm64/HomeAutomationAgents.swiftsourceinfo /Users/samin/Library/Developer/Xcode/DerivedData/HomeAutomation-dbhmgkldyjylvqecitwcozchikhf/Build/Products/Debug/HomeAutomationAgents.swiftmodule/Project/arm64-apple-macos.swiftsourceinfo

Copy /Users/samin/Library/Developer/Xcode/DerivedData/HomeAutomation-dbhmgkldyjylvqecitwcozchikhf/Build/Products/Debug/HomeAutomationAgents.swiftmodule/arm64-apple-macos.swiftmodule /Users/samin/Library/Developer/Xcode/DerivedData/HomeAutomation-dbhmgkldyjylvqecitwcozchikhf/Build/Intermediates.noindex/HomeAutomationCore.build/Debug/HomeAutomationAgents.build/Objects-normal/arm64/HomeAutomationAgents.swiftmodule (in target 'HomeAutomationAgents' from project 'HomeAutomationCore')
    cd /Users/samin/Downloads/untitled\ folder/HomeAutomation/HomeAutomationCore
    builtin-copy -exclude .DS_Store -exclude CVS -exclude .svn -exclude .git -exclude .hg -resolve-src-symlinks -rename /Users/samin/Library/Developer/Xcode/DerivedData/HomeAutomation-dbhmgkldyjylvqecitwcozchikhf/Build/Intermediates.noindex/HomeAutomationCore.build/Debug/HomeAutomationAgents.build/Objects-normal/arm64/HomeAutomationAgents.swiftmodule /Users/samin/Library/Developer/Xcode/DerivedData/HomeAutomation-dbhmgkldyjylvqecitwcozchikhf/Build/Products/Debug/HomeAutomationAgents.swiftmodule/arm64-apple-macos.swiftmodule

Copy /Users/samin/Library/Developer/Xcode/DerivedData/HomeAutomation-dbhmgkldyjylvqecitwcozchikhf/Build/Products/Debug/HomeAutomationAgents.swiftmodule/arm64-apple-macos.abi.json /Users/samin/Library/Developer/Xcode/DerivedData/HomeAutomation-dbhmgkldyjylvqecitwcozchikhf/Build/Intermediates.noindex/HomeAutomationCore.build/Debug/HomeAutomationAgents.build/Objects-normal/arm64/HomeAutomationAgents.abi.json (in target 'HomeAutomationAgents' from project 'HomeAutomationCore')
    cd /Users/samin/Downloads/untitled\ folder/HomeAutomation/HomeAutomationCore
    builtin-copy -exclude .DS_Store -exclude CVS -exclude .svn -exclude .git -exclude .hg -resolve-src-symlinks -rename /Users/samin/Library/Developer/Xcode/DerivedData/HomeAutomation-dbhmgkldyjylvqecitwcozchikhf/Build/Intermediates.noindex/HomeAutomationCore.build/Debug/HomeAutomationAgents.build/Objects-normal/arm64/HomeAutomationAgents.abi.json /Users/samin/Library/Developer/Xcode/DerivedData/HomeAutomation-dbhmgkldyjylvqecitwcozchikhf/Build/Products/Debug/HomeAutomationAgents.swiftmodule/arm64-apple-macos.abi.json

SwiftDriver HomeAutomationOrchestrator normal arm64 com.apple.xcode.tools.swift.compiler (in target 'HomeAutomationOrchestrator' from project 'HomeAutomationCore')
    cd /Users/samin/Downloads/untitled\ folder/HomeAutomation/HomeAutomation.xcodeproj
    builtin-SwiftDriver -- /Applications/Xcode-beta.app/Contents/Developer/Toolchains/XcodeDefault.xctoolchain/usr/bin/swiftc -module-name HomeAutomationOrchestrator -Onone -enforce-exclusivity\=checked @/Users/samin/Library/Developer/Xcode/DerivedData/HomeAutomation-dbhmgkldyjylvqecitwcozchikhf/Build/Intermediates.noindex/HomeAutomationCore.build/Debug/HomeAutomationOrchestrator.build/Objects-normal/arm64/HomeAutomationOrchestrator.SwiftFileList -DSWIFT_PACKAGE -DDEBUG -DSWIFT_MODULE_RESOURCE_BUNDLE_UNAVAILABLE -DXcode -plugin-path /Applications/Xcode-beta.app/Contents/Developer/Toolchains/XcodeDefault.xctoolchain/usr/lib/swift/host/plugins/testing -enable-experimental-feature DebugDescriptionMacro -sdk /Applications/Xcode-beta.app/Contents/Developer/Platforms/MacOSX.platform/Developer/SDKs/MacOSX26.1.sdk -target arm64-apple-macos26.0 -g -module-cache-path /Users/samin/Library/Developer/Xcode/DerivedData/ModuleCache.noindex -Xfrontend -serialize-debugging-options -enable-testing -suppress-warnings -index-store-path /Users/samin/Library/Developer/Xcode/DerivedData/HomeAutomation-dbhmgkldyjylvqecitwcozchikhf/Index.noindex/DataStore -Xcc -D_LIBCPP_HARDENING_MODE\=_LIBCPP_HARDENING_MODE_DEBUG -swift-version 6 -I /Users/samin/Library/Developer/Xcode/DerivedData/HomeAutomation-dbhmgkldyjylvqecitwcozchikhf/Build/Products/Debug -Isystem /Applications/Xcode-beta.app/Contents/Developer/Platforms/MacOSX.platform/Developer/usr/lib -F /Users/samin/Library/Developer/Xcode/DerivedData/HomeAutomation-dbhmgkldyjylvqecitwcozchikhf/Build/Products/Debug/PackageFrameworks -F /Users/samin/Library/Developer/Xcode/DerivedData/HomeAutomation-dbhmgkldyjylvqecitwcozchikhf/Build/Products/Debug/PackageFrameworks -F /Users/samin/Library/Developer/Xcode/DerivedData/HomeAutomation-dbhmgkldyjylvqecitwcozchikhf/Build/Products/Debug/PackageFrameworks -F /Users/samin/Library/Developer/Xcode/DerivedData/HomeAutomation-dbhmgkldyjylvqecitwcozchikhf/Build/Products/Debug -F /Applications/Xcode-beta.app/Contents/Developer/Platforms/MacOSX.platform/Developer/Library/Frameworks -c -j8 -enable-batch-mode -incremental -Xcc -ivfsstatcache -Xcc /Users/samin/Library/Developer/Xcode/DerivedData/SDKStatCaches.noindex/macosx26.1-25B5042i-d77eb18e28310dc39e4af1f069d89823.sdkstatcache -output-file-map /Users/samin/Library/Developer/Xcode/DerivedData/HomeAutomation-dbhmgkldyjylvqecitwcozchikhf/Build/Intermediates.noindex/HomeAutomationCore.build/Debug/HomeAutomationOrchestrator.build/Objects-normal/arm64/HomeAutomationOrchestrator-OutputFileMap.json -use-frontend-parseable-output -save-temps -no-color-diagnostics -explicit-module-build -module-cache-path /Users/samin/Library/Developer/Xcode/DerivedData/HomeAutomation-dbhmgkldyjylvqecitwcozchikhf/Build/Intermediates.noindex/SwiftExplicitPrecompiledModules -clang-scanner-module-cache-path /Users/samin/Library/Developer/Xcode/DerivedData/ModuleCache.noindex -sdk-module-cache-path /Users/samin/Library/Developer/Xcode/DerivedData/ModuleCache.noindex -serialize-diagnostics -emit-dependencies -emit-module -emit-module-path /Users/samin/Library/Developer/Xcode/DerivedData/HomeAutomation-dbhmgkldyjylvqecitwcozchikhf/Build/Intermediates.noindex/HomeAutomationCore.build/Debug/HomeAutomationOrchestrator.build/Objects-normal/arm64/HomeAutomationOrchestrator.swiftmodule -validate-clang-modules-once -clang-build-session-file /Users/samin/Library/Developer/Xcode/DerivedData/ModuleCache.noindex/Session.modulevalidation -package-name homeautomationcore -Xcc -I/Users/samin/Library/Developer/Xcode/DerivedData/HomeAutomation-dbhmgkldyjylvqecitwcozchikhf/Build/Intermediates.noindex/HomeAutomationCore.build/Debug/HomeAutomationOrchestrator.build/swift-overrides.hmap -emit-const-values -Xfrontend -const-gather-protocols-file -Xfrontend /Users/samin/Library/Developer/Xcode/DerivedData/HomeAutomation-dbhmgkldyjylvqecitwcozchikhf/Build/Intermediates.noindex/HomeAutomationCore.build/Debug/HomeAutomationOrchestrator.build/Objects-normal/arm64/HomeAutomationOrchestrator_const_extract_protocols.json -Xcc -I/Users/samin/Library/Developer/Xcode/DerivedData/HomeAutomation-dbhmgkldyjylvqecitwcozchikhf/Build/Products/Debug/include -Xcc -I/Users/samin/Library/Developer/Xcode/DerivedData/HomeAutomation-dbhmgkldyjylvqecitwcozchikhf/Build/Intermediates.noindex/HomeAutomationCore.build/Debug/HomeAutomationOrchestrator.build/DerivedSources-normal/arm64 -Xcc -I/Users/samin/Library/Developer/Xcode/DerivedData/HomeAutomation-dbhmgkldyjylvqecitwcozchikhf/Build/Intermediates.noindex/HomeAutomationCore.build/Debug/HomeAutomationOrchestrator.build/DerivedSources/arm64 -Xcc -I/Users/samin/Library/Developer/Xcode/DerivedData/HomeAutomation-dbhmgkldyjylvqecitwcozchikhf/Build/Intermediates.noindex/HomeAutomationCore.build/Debug/HomeAutomationOrchestrator.build/DerivedSources -Xcc -DSWIFT_PACKAGE -Xcc -DDEBUG\=1 -emit-objc-header -emit-objc-header-path /Users/samin/Library/Developer/Xcode/DerivedData/HomeAutomation-dbhmgkldyjylvqecitwcozchikhf/Build/Intermediates.noindex/HomeAutomationCore.build/Debug/HomeAutomationOrchestrator.build/Objects-normal/arm64/HomeAutomationOrchestrator-Swift.h -working-directory /Users/samin/Downloads/untitled\ folder/HomeAutomation/HomeAutomation.xcodeproj -experimental-emit-module-separately -disable-cmo

Ld /Users/samin/Library/Developer/Xcode/DerivedData/HomeAutomation-dbhmgkldyjylvqecitwcozchikhf/Build/Products/Debug/HomeAutomationAgents.o normal (in target 'HomeAutomationAgents' from project 'HomeAutomationCore')
    cd /Users/samin/Downloads/untitled\ folder/HomeAutomation/HomeAutomationCore
    /Applications/Xcode-beta.app/Contents/Developer/Toolchains/XcodeDefault.xctoolchain/usr/bin/clang -Xlinker -reproducible -target arm64-apple-macos26.0 -r -isysroot /Applications/Xcode-beta.app/Contents/Developer/Platforms/MacOSX.platform/Developer/SDKs/MacOSX26.1.sdk -O0 -w -L/Users/samin/Library/Developer/Xcode/DerivedData/HomeAutomation-dbhmgkldyjylvqecitwcozchikhf/Build/Intermediates.noindex/EagerLinkingTBDs/Debug -L/Users/samin/Library/Developer/Xcode/DerivedData/HomeAutomation-dbhmgkldyjylvqecitwcozchikhf/Build/Products/Debug -L/Applications/Xcode-beta.app/Contents/Developer/Platforms/MacOSX.platform/Developer/usr/lib -F/Users/samin/Library/Developer/Xcode/DerivedData/HomeAutomation-dbhmgkldyjylvqecitwcozchikhf/Build/Intermediates.noindex/EagerLinkingTBDs/Debug -F/Users/samin/Library/Developer/Xcode/DerivedData/HomeAutomation-dbhmgkldyjylvqecitwcozchikhf/Build/Products/Debug/PackageFrameworks -F/Users/samin/Library/Developer/Xcode/DerivedData/HomeAutomation-dbhmgkldyjylvqecitwcozchikhf/Build/Products/Debug/PackageFrameworks -F/Users/samin/Library/Developer/Xcode/DerivedData/HomeAutomation-dbhmgkldyjylvqecitwcozchikhf/Build/Products/Debug -iframework /Applications/Xcode-beta.app/Contents/Developer/Platforms/MacOSX.platform/Developer/Library/Frameworks -filelist /Users/samin/Library/Developer/Xcode/DerivedData/HomeAutomation-dbhmgkldyjylvqecitwcozchikhf/Build/Intermediates.noindex/HomeAutomationCore.build/Debug/HomeAutomationAgents.build/Objects-normal/arm64/HomeAutomationAgents.LinkFileList -nostdlib -Xlinker -object_path_lto -Xlinker /Users/samin/Library/Developer/Xcode/DerivedData/HomeAutomation-dbhmgkldyjylvqecitwcozchikhf/Build/Intermediates.noindex/HomeAutomationCore.build/Debug/HomeAutomationAgents.build/Objects-normal/arm64/HomeAutomationAgents_lto.o -rdynamic -Xlinker -no_deduplicate -Xlinker -dependency_info -Xlinker /Users/samin/Library/Developer/Xcode/DerivedData/HomeAutomation-dbhmgkldyjylvqecitwcozchikhf/Build/Intermediates.noindex/HomeAutomationCore.build/Debug/HomeAutomationAgents.build/Objects-normal/arm64/HomeAutomationAgents_dependency_info.dat -fobjc-link-runtime -L/Applications/Xcode-beta.app/Contents/Developer/Toolchains/XcodeDefault.xctoolchain/usr/lib/swift/macosx -L/usr/lib/swift -Xlinker -add_ast_path -Xlinker /Users/samin/Library/Developer/Xcode/DerivedData/HomeAutomation-dbhmgkldyjylvqecitwcozchikhf/Build/Intermediates.noindex/HomeAutomationCore.build/Debug/HomeAutomationAgents.build/Objects-normal/arm64/HomeAutomationAgents.swiftmodule @/Users/samin/Library/Developer/Xcode/DerivedData/HomeAutomation-dbhmgkldyjylvqecitwcozchikhf/Build/Intermediates.noindex/HomeAutomationCore.build/Debug/HomeAutomationAgents.build/Objects-normal/arm64/HomeAutomationAgents-linker-args.resp -o /Users/samin/Library/Developer/Xcode/DerivedData/HomeAutomation-dbhmgkldyjylvqecitwcozchikhf/Build/Products/Debug/HomeAutomationAgents.o

ExtractAppIntentsMetadata (in target 'HomeAutomationAgents' from project 'HomeAutomationCore')
    cd /Users/samin/Downloads/untitled\ folder/HomeAutomation/HomeAutomationCore
    /Applications/Xcode-beta.app/Contents/Developer/Toolchains/XcodeDefault.xctoolchain/usr/bin/appintentsmetadataprocessor --toolchain-dir /Applications/Xcode-beta.app/Contents/Developer/Toolchains/XcodeDefault.xctoolchain --module-name HomeAutomationAgents --sdk-root /Applications/Xcode-beta.app/Contents/Developer/Platforms/MacOSX.platform/Developer/SDKs/MacOSX26.1.sdk --xcode-version 17B5025f --platform-family macOS --deployment-target 26.0 --bundle-identifier homeautomationcore.HomeAutomationAgents --output /Users/samin/Library/Developer/Xcode/DerivedData/HomeAutomation-dbhmgkldyjylvqecitwcozchikhf/Build/Products/Debug/HomeAutomationAgents.appintents --target-triple arm64-apple-macos26.0 --binary-file /Users/samin/Library/Developer/Xcode/DerivedData/HomeAutomation-dbhmgkldyjylvqecitwcozchikhf/Build/Products/Debug/HomeAutomationAgents.o --dependency-file /Users/samin/Library/Developer/Xcode/DerivedData/HomeAutomation-dbhmgkldyjylvqecitwcozchikhf/Build/Intermediates.noindex/HomeAutomationCore.build/Debug/HomeAutomationAgents.build/Objects-normal/arm64/HomeAutomationAgents_dependency_info.dat --stringsdata-file /Users/samin/Library/Developer/Xcode/DerivedData/HomeAutomation-dbhmgkldyjylvqecitwcozchikhf/Build/Intermediates.noindex/HomeAutomationCore.build/Debug/HomeAutomationAgents.build/Objects-normal/arm64/ExtractedAppShortcutsMetadata.stringsdata --source-file-list /Users/samin/Library/Developer/Xcode/DerivedData/HomeAutomation-dbhmgkldyjylvqecitwcozchikhf/Build/Intermediates.noindex/HomeAutomationCore.build/Debug/HomeAutomationAgents.build/Objects-normal/arm64/HomeAutomationAgents.SwiftFileList --metadata-file-list /Users/samin/Library/Developer/Xcode/DerivedData/HomeAutomation-dbhmgkldyjylvqecitwcozchikhf/Build/Intermediates.noindex/HomeAutomationCore.build/Debug/HomeAutomationAgents.build/HomeAutomationAgents.DependencyMetadataFileList --static-metadata-file-list /Users/samin/Library/Developer/Xcode/DerivedData/HomeAutomation-dbhmgkldyjylvqecitwcozchikhf/Build/Intermediates.noindex/HomeAutomationCore.build/Debug/HomeAutomationAgents.build/HomeAutomationAgents.DependencyStaticMetadataFileList --swift-const-vals-list /Users/samin/Library/Developer/Xcode/DerivedData/HomeAutomation-dbhmgkldyjylvqecitwcozchikhf/Build/Intermediates.noindex/HomeAutomationCore.build/Debug/HomeAutomationAgents.build/Objects-normal/arm64/HomeAutomationAgents.SwiftConstValuesFileList --force --compile-time-extraction --deployment-aware-processing --validate-assistant-intents --no-app-shortcuts-localization
2026-05-17 22:31:44.987 appintentsmetadataprocessor[87475:12982488] Starting appintentsmetadataprocessor export
2026-05-17 22:31:45.124 appintentsmetadataprocessor[87475:12982488] Extracted no relevant App Intents symbols, skipping writing output

SwiftCompile normal arm64 Compiling\ AutomationRuntimeAgents.swift /Users/samin/Downloads/untitled\ folder/HomeAutomation/HomeAutomationCore/Sources/HomeAutomationOrchestrator/AutomationRuntimeAgents.swift (in target 'HomeAutomationOrchestrator' from project 'HomeAutomationCore')
SwiftCompile normal arm64 /Users/samin/Downloads/untitled\ folder/HomeAutomation/HomeAutomationCore/Sources/HomeAutomationOrchestrator/AutomationRuntimeAgents.swift (in target 'HomeAutomationOrchestrator' from project 'HomeAutomationCore')
    cd /Users/samin/Downloads/untitled\ folder/HomeAutomation/HomeAutomation.xcodeproj
    

SwiftEmitModule normal arm64 Emitting\ module\ for\ HomeAutomationOrchestrator (in target 'HomeAutomationOrchestrator' from project 'HomeAutomationCore')

EmitSwiftModule normal arm64 (in target 'HomeAutomationOrchestrator' from project 'HomeAutomationCore')
    cd /Users/samin/Downloads/untitled\ folder/HomeAutomation/HomeAutomation.xcodeproj
    

SwiftCompile normal arm64 Compiling\ ContextualAgentAdapters.swift /Users/samin/Downloads/untitled\ folder/HomeAutomation/HomeAutomationCore/Sources/HomeAutomationOrchestrator/ContextualAgentAdapters.swift (in target 'HomeAutomationOrchestrator' from project 'HomeAutomationCore')
SwiftCompile normal arm64 /Users/samin/Downloads/untitled\ folder/HomeAutomation/HomeAutomationCore/Sources/HomeAutomationOrchestrator/ContextualAgentAdapters.swift (in target 'HomeAutomationOrchestrator' from project 'HomeAutomationCore')
    cd /Users/samin/Downloads/untitled\ folder/HomeAutomation/HomeAutomation.xcodeproj
    

SwiftCompile normal arm64 Compiling\ AutomationCreationResolver.swift /Users/samin/Downloads/untitled\ folder/HomeAutomation/HomeAutomationCore/Sources/HomeAutomationOrchestrator/AutomationCreationResolver.swift (in target 'HomeAutomationOrchestrator' from project 'HomeAutomationCore')

SwiftCompile normal arm64 /Users/samin/Downloads/untitled\ folder/HomeAutomation/HomeAutomationCore/Sources/HomeAutomationOrchestrator/AutomationCreationResolver.swift (in target 'HomeAutomationOrchestrator' from project 'HomeAutomationCore')
    cd /Users/samin/Downloads/untitled\ folder/HomeAutomation/HomeAutomation.xcodeproj
    

SwiftCompile normal arm64 Compiling\ HomeCommandOrchestrator.swift /Users/samin/Downloads/untitled\ folder/HomeAutomation/HomeAutomationCore/Sources/HomeAutomationOrchestrator/HomeCommandOrchestrator.swift (in target 'HomeAutomationOrchestrator' from project 'HomeAutomationCore')

SwiftCompile normal arm64 /Users/samin/Downloads/untitled\ folder/HomeAutomation/HomeAutomationCore/Sources/HomeAutomationOrchestrator/HomeCommandOrchestrator.swift (in target 'HomeAutomationOrchestrator' from project 'HomeAutomationCore')
    cd /Users/samin/Downloads/untitled\ folder/HomeAutomation/HomeAutomation.xcodeproj
    

RegisterExecutionPolicyException /Users/samin/Library/Developer/Xcode/DerivedData/HomeAutomation-dbhmgkldyjylvqecitwcozchikhf/Build/Products/Debug/HomeAutomationAgents.o (in target 'HomeAutomationAgents' from project 'HomeAutomationCore')
    cd /Users/samin/Downloads/untitled\ folder/HomeAutomation/HomeAutomationCore
    builtin-RegisterExecutionPolicyException /Users/samin/Library/Developer/Xcode/DerivedData/HomeAutomation-dbhmgkldyjylvqecitwcozchikhf/Build/Products/Debug/HomeAutomationAgents.o

SwiftDriverJobDiscovery normal arm64 Compiling AutomationCreationResolver.swift (in target 'HomeAutomationOrchestrator' from project 'HomeAutomationCore')

SwiftDriverJobDiscovery normal arm64 Compiling HomeCommandOrchestrator.swift (in target 'HomeAutomationOrchestrator' from project 'HomeAutomationCore')

SwiftDriverJobDiscovery normal arm64 Emitting module for HomeAutomationOrchestrator (in target 'HomeAutomationOrchestrator' from project 'HomeAutomationCore')

SwiftDriver\ Compilation\ Requirements HomeAutomationOrchestrator normal arm64 com.apple.xcode.tools.swift.compiler (in target 'HomeAutomationOrchestrator' from project 'HomeAutomationCore')
    cd /Users/samin/Downloads/untitled\ folder/HomeAutomation/HomeAutomation.xcodeproj
    builtin-Swift-Compilation-Requirements -- /Applications/Xcode-beta.app/Contents/Developer/Toolchains/XcodeDefault.xctoolchain/usr/bin/swiftc -module-name HomeAutomationOrchestrator -Onone -enforce-exclusivity\=checked @/Users/samin/Library/Developer/Xcode/DerivedData/HomeAutomation-dbhmgkldyjylvqecitwcozchikhf/Build/Intermediates.noindex/HomeAutomationCore.build/Debug/HomeAutomationOrchestrator.build/Objects-normal/arm64/HomeAutomationOrchestrator.SwiftFileList -DSWIFT_PACKAGE -DDEBUG -DSWIFT_MODULE_RESOURCE_BUNDLE_UNAVAILABLE -DXcode -plugin-path /Applications/Xcode-beta.app/Contents/Developer/Toolchains/XcodeDefault.xctoolchain/usr/lib/swift/host/plugins/testing -enable-experimental-feature DebugDescriptionMacro -sdk /Applications/Xcode-beta.app/Contents/Developer/Platforms/MacOSX.platform/Developer/SDKs/MacOSX26.1.sdk -target arm64-apple-macos26.0 -g -module-cache-path /Users/samin/Library/Developer/Xcode/DerivedData/ModuleCache.noindex -Xfrontend -serialize-debugging-options -enable-testing -suppress-warnings -index-store-path /Users/samin/Library/Developer/Xcode/DerivedData/HomeAutomation-dbhmgkldyjylvqecitwcozchikhf/Index.noindex/DataStore -Xcc -D_LIBCPP_HARDENING_MODE\=_LIBCPP_HARDENING_MODE_DEBUG -swift-version 6 -I /Users/samin/Library/Developer/Xcode/DerivedData/HomeAutomation-dbhmgkldyjylvqecitwcozchikhf/Build/Products/Debug -Isystem /Applications/Xcode-beta.app/Contents/Developer/Platforms/MacOSX.platform/Developer/usr/lib -F /Users/samin/Library/Developer/Xcode/DerivedData/HomeAutomation-dbhmgkldyjylvqecitwcozchikhf/Build/Products/Debug/PackageFrameworks -F /Users/samin/Library/Developer/Xcode/DerivedData/HomeAutomation-dbhmgkldyjylvqecitwcozchikhf/Build/Products/Debug/PackageFrameworks -F /Users/samin/Library/Developer/Xcode/DerivedData/HomeAutomation-dbhmgkldyjylvqecitwcozchikhf/Build/Products/Debug/PackageFrameworks -F /Users/samin/Library/Developer/Xcode/DerivedData/HomeAutomation-dbhmgkldyjylvqecitwcozchikhf/Build/Products/Debug -F /Applications/Xcode-beta.app/Contents/Developer/Platforms/MacOSX.platform/Developer/Library/Frameworks -c -j8 -enable-batch-mode -incremental -Xcc -ivfsstatcache -Xcc /Users/samin/Library/Developer/Xcode/DerivedData/SDKStatCaches.noindex/macosx26.1-25B5042i-d77eb18e28310dc39e4af1f069d89823.sdkstatcache -output-file-map /Users/samin/Library/Developer/Xcode/DerivedData/HomeAutomation-dbhmgkldyjylvqecitwcozchikhf/Build/Intermediates.noindex/HomeAutomationCore.build/Debug/HomeAutomationOrchestrator.build/Objects-normal/arm64/HomeAutomationOrchestrator-OutputFileMap.json -use-frontend-parseable-output -save-temps -no-color-diagnostics -explicit-module-build -module-cache-path /Users/samin/Library/Developer/Xcode/DerivedData/HomeAutomation-dbhmgkldyjylvqecitwcozchikhf/Build/Intermediates.noindex/SwiftExplicitPrecompiledModules -clang-scanner-module-cache-path /Users/samin/Library/Developer/Xcode/DerivedData/ModuleCache.noindex -sdk-module-cache-path /Users/samin/Library/Developer/Xcode/DerivedData/ModuleCache.noindex -serialize-diagnostics -emit-dependencies -emit-module -emit-module-path /Users/samin/Library/Developer/Xcode/DerivedData/HomeAutomation-dbhmgkldyjylvqecitwcozchikhf/Build/Intermediates.noindex/HomeAutomationCore.build/Debug/HomeAutomationOrchestrator.build/Objects-normal/arm64/HomeAutomationOrchestrator.swiftmodule -validate-clang-modules-once -clang-build-session-file /Users/samin/Library/Developer/Xcode/DerivedData/ModuleCache.noindex/Session.modulevalidation -package-name homeautomationcore -Xcc -I/Users/samin/Library/Developer/Xcode/DerivedData/HomeAutomation-dbhmgkldyjylvqecitwcozchikhf/Build/Intermediates.noindex/HomeAutomationCore.build/Debug/HomeAutomationOrchestrator.build/swift-overrides.hmap -emit-const-values -Xfrontend -const-gather-protocols-file -Xfrontend /Users/samin/Library/Developer/Xcode/DerivedData/HomeAutomation-dbhmgkldyjylvqecitwcozchikhf/Build/Intermediates.noindex/HomeAutomationCore.build/Debug/HomeAutomationOrchestrator.build/Objects-normal/arm64/HomeAutomationOrchestrator_const_extract_protocols.json -Xcc -I/Users/samin/Library/Developer/Xcode/DerivedData/HomeAutomation-dbhmgkldyjylvqecitwcozchikhf/Build/Products/Debug/include -Xcc -I/Users/samin/Library/Developer/Xcode/DerivedData/HomeAutomation-dbhmgkldyjylvqecitwcozchikhf/Build/Intermediates.noindex/HomeAutomationCore.build/Debug/HomeAutomationOrchestrator.build/DerivedSources-normal/arm64 -Xcc -I/Users/samin/Library/Developer/Xcode/DerivedData/HomeAutomation-dbhmgkldyjylvqecitwcozchikhf/Build/Intermediates.noindex/HomeAutomationCore.build/Debug/HomeAutomationOrchestrator.build/DerivedSources/arm64 -Xcc -I/Users/samin/Library/Developer/Xcode/DerivedData/HomeAutomation-dbhmgkldyjylvqecitwcozchikhf/Build/Intermediates.noindex/HomeAutomationCore.build/Debug/HomeAutomationOrchestrator.build/DerivedSources -Xcc -DSWIFT_PACKAGE -Xcc -DDEBUG\=1 -emit-objc-header -emit-objc-header-path /Users/samin/Library/Developer/Xcode/DerivedData/HomeAutomation-dbhmgkldyjylvqecitwcozchikhf/Build/Intermediates.noindex/HomeAutomationCore.build/Debug/HomeAutomationOrchestrator.build/Objects-normal/arm64/HomeAutomationOrchestrator-Swift.h -working-directory /Users/samin/Downloads/untitled\ folder/HomeAutomation/HomeAutomation.xcodeproj -experimental-emit-module-separately -disable-cmo

Copy /Users/samin/Library/Developer/Xcode/DerivedData/HomeAutomation-dbhmgkldyjylvqecitwcozchikhf/Build/Products/Debug/HomeAutomationOrchestrator.swiftmodule/Project/arm64-apple-macos.swiftsourceinfo /Users/samin/Library/Developer/Xcode/DerivedData/HomeAutomation-dbhmgkldyjylvqecitwcozchikhf/Build/Intermediates.noindex/HomeAutomationCore.build/Debug/HomeAutomationOrchestrator.build/Objects-normal/arm64/HomeAutomationOrchestrator.swiftsourceinfo (in target 'HomeAutomationOrchestrator' from project 'HomeAutomationCore')
    cd /Users/samin/Downloads/untitled\ folder/HomeAutomation/HomeAutomationCore
    builtin-copy -exclude .DS_Store -exclude CVS -exclude .svn -exclude .git -exclude .hg -resolve-src-symlinks -rename /Users/samin/Library/Developer/Xcode/DerivedData/HomeAutomation-dbhmgkldyjylvqecitwcozchikhf/Build/Intermediates.noindex/HomeAutomationCore.build/Debug/HomeAutomationOrchestrator.build/Objects-normal/arm64/HomeAutomationOrchestrator.swiftsourceinfo /Users/samin/Library/Developer/Xcode/DerivedData/HomeAutomation-dbhmgkldyjylvqecitwcozchikhf/Build/Products/Debug/HomeAutomationOrchestrator.swiftmodule/Project/arm64-apple-macos.swiftsourceinfo

Copy /Users/samin/Library/Developer/Xcode/DerivedData/HomeAutomation-dbhmgkldyjylvqecitwcozchikhf/Build/Products/Debug/HomeAutomationOrchestrator.swiftmodule/arm64-apple-macos.swiftmodule /Users/samin/Library/Developer/Xcode/DerivedData/HomeAutomation-dbhmgkldyjylvqecitwcozchikhf/Build/Intermediates.noindex/HomeAutomationCore.build/Debug/HomeAutomationOrchestrator.build/Objects-normal/arm64/HomeAutomationOrchestrator.swiftmodule (in target 'HomeAutomationOrchestrator' from project 'HomeAutomationCore')
    cd /Users/samin/Downloads/untitled\ folder/HomeAutomation/HomeAutomationCore
    builtin-copy -exclude .DS_Store -exclude CVS -exclude .svn -exclude .git -exclude .hg -resolve-src-symlinks -rename /Users/samin/Library/Developer/Xcode/DerivedData/HomeAutomation-dbhmgkldyjylvqecitwcozchikhf/Build/Intermediates.noindex/HomeAutomationCore.build/Debug/HomeAutomationOrchestrator.build/Objects-normal/arm64/HomeAutomationOrchestrator.swiftmodule /Users/samin/Library/Developer/Xcode/DerivedData/HomeAutomation-dbhmgkldyjylvqecitwcozchikhf/Build/Products/Debug/HomeAutomationOrchestrator.swiftmodule/arm64-apple-macos.swiftmodule

Copy /Users/samin/Library/Developer/Xcode/DerivedData/HomeAutomation-dbhmgkldyjylvqecitwcozchikhf/Build/Products/Debug/HomeAutomationOrchestrator.swiftmodule/arm64-apple-macos.abi.json /Users/samin/Library/Developer/Xcode/DerivedData/HomeAutomation-dbhmgkldyjylvqecitwcozchikhf/Build/Intermediates.noindex/HomeAutomationCore.build/Debug/HomeAutomationOrchestrator.build/Objects-normal/arm64/HomeAutomationOrchestrator.abi.json (in target 'HomeAutomationOrchestrator' from project 'HomeAutomationCore')
    cd /Users/samin/Downloads/untitled\ folder/HomeAutomation/HomeAutomationCore
    builtin-copy -exclude .DS_Store -exclude CVS -exclude .svn -exclude .git -exclude .hg -resolve-src-symlinks -rename /Users/samin/Library/Developer/Xcode/DerivedData/HomeAutomation-dbhmgkldyjylvqecitwcozchikhf/Build/Intermediates.noindex/HomeAutomationCore.build/Debug/HomeAutomationOrchestrator.build/Objects-normal/arm64/HomeAutomationOrchestrator.abi.json /Users/samin/Library/Developer/Xcode/DerivedData/HomeAutomation-dbhmgkldyjylvqecitwcozchikhf/Build/Products/Debug/HomeAutomationOrchestrator.swiftmodule/arm64-apple-macos.abi.json

SwiftDriverJobDiscovery normal arm64 Compiling AutomationRuntimeAgents.swift (in target 'HomeAutomationOrchestrator' from project 'HomeAutomationCore')

SwiftDriverJobDiscovery normal arm64 Compiling ContextualAgentAdapters.swift (in target 'HomeAutomationOrchestrator' from project 'HomeAutomationCore')

SwiftDriver\ Compilation HomeAutomationOrchestrator normal arm64 com.apple.xcode.tools.swift.compiler (in target 'HomeAutomationOrchestrator' from project 'HomeAutomationCore')
    cd /Users/samin/Downloads/untitled\ folder/HomeAutomation/HomeAutomation.xcodeproj
    builtin-Swift-Compilation -- /Applications/Xcode-beta.app/Contents/Developer/Toolchains/XcodeDefault.xctoolchain/usr/bin/swiftc -module-name HomeAutomationOrchestrator -Onone -enforce-exclusivity\=checked @/Users/samin/Library/Developer/Xcode/DerivedData/HomeAutomation-dbhmgkldyjylvqecitwcozchikhf/Build/Intermediates.noindex/HomeAutomationCore.build/Debug/HomeAutomationOrchestrator.build/Objects-normal/arm64/HomeAutomationOrchestrator.SwiftFileList -DSWIFT_PACKAGE -DDEBUG -DSWIFT_MODULE_RESOURCE_BUNDLE_UNAVAILABLE -DXcode -plugin-path /Applications/Xcode-beta.app/Contents/Developer/Toolchains/XcodeDefault.xctoolchain/usr/lib/swift/host/plugins/testing -enable-experimental-feature DebugDescriptionMacro -sdk /Applications/Xcode-beta.app/Contents/Developer/Platforms/MacOSX.platform/Developer/SDKs/MacOSX26.1.sdk -target arm64-apple-macos26.0 -g -module-cache-path /Users/samin/Library/Developer/Xcode/DerivedData/ModuleCache.noindex -Xfrontend -serialize-debugging-options -enable-testing -suppress-warnings -index-store-path /Users/samin/Library/Developer/Xcode/DerivedData/HomeAutomation-dbhmgkldyjylvqecitwcozchikhf/Index.noindex/DataStore -Xcc -D_LIBCPP_HARDENING_MODE\=_LIBCPP_HARDENING_MODE_DEBUG -swift-version 6 -I /Users/samin/Library/Developer/Xcode/DerivedData/HomeAutomation-dbhmgkldyjylvqecitwcozchikhf/Build/Products/Debug -Isystem /Applications/Xcode-beta.app/Contents/Developer/Platforms/MacOSX.platform/Developer/usr/lib -F /Users/samin/Library/Developer/Xcode/DerivedData/HomeAutomation-dbhmgkldyjylvqecitwcozchikhf/Build/Products/Debug/PackageFrameworks -F /Users/samin/Library/Developer/Xcode/DerivedData/HomeAutomation-dbhmgkldyjylvqecitwcozchikhf/Build/Products/Debug/PackageFrameworks -F /Users/samin/Library/Developer/Xcode/DerivedData/HomeAutomation-dbhmgkldyjylvqecitwcozchikhf/Build/Products/Debug/PackageFrameworks -F /Users/samin/Library/Developer/Xcode/DerivedData/HomeAutomation-dbhmgkldyjylvqecitwcozchikhf/Build/Products/Debug -F /Applications/Xcode-beta.app/Contents/Developer/Platforms/MacOSX.platform/Developer/Library/Frameworks -c -j8 -enable-batch-mode -incremental -Xcc -ivfsstatcache -Xcc /Users/samin/Library/Developer/Xcode/DerivedData/SDKStatCaches.noindex/macosx26.1-25B5042i-d77eb18e28310dc39e4af1f069d89823.sdkstatcache -output-file-map /Users/samin/Library/Developer/Xcode/DerivedData/HomeAutomation-dbhmgkldyjylvqecitwcozchikhf/Build/Intermediates.noindex/HomeAutomationCore.build/Debug/HomeAutomationOrchestrator.build/Objects-normal/arm64/HomeAutomationOrchestrator-OutputFileMap.json -use-frontend-parseable-output -save-temps -no-color-diagnostics -explicit-module-build -module-cache-path /Users/samin/Library/Developer/Xcode/DerivedData/HomeAutomation-dbhmgkldyjylvqecitwcozchikhf/Build/Intermediates.noindex/SwiftExplicitPrecompiledModules -clang-scanner-module-cache-path /Users/samin/Library/Developer/Xcode/DerivedData/ModuleCache.noindex -sdk-module-cache-path /Users/samin/Library/Developer/Xcode/DerivedData/ModuleCache.noindex -serialize-diagnostics -emit-dependencies -emit-module -emit-module-path /Users/samin/Library/Developer/Xcode/DerivedData/HomeAutomation-dbhmgkldyjylvqecitwcozchikhf/Build/Intermediates.noindex/HomeAutomationCore.build/Debug/HomeAutomationOrchestrator.build/Objects-normal/arm64/HomeAutomationOrchestrator.swiftmodule -validate-clang-modules-once -clang-build-session-file /Users/samin/Library/Developer/Xcode/DerivedData/ModuleCache.noindex/Session.modulevalidation -package-name homeautomationcore -Xcc -I/Users/samin/Library/Developer/Xcode/DerivedData/HomeAutomation-dbhmgkldyjylvqecitwcozchikhf/Build/Intermediates.noindex/HomeAutomationCore.build/Debug/HomeAutomationOrchestrator.build/swift-overrides.hmap -emit-const-values -Xfrontend -const-gather-protocols-file -Xfrontend /Users/samin/Library/Developer/Xcode/DerivedData/HomeAutomation-dbhmgkldyjylvqecitwcozchikhf/Build/Intermediates.noindex/HomeAutomationCore.build/Debug/HomeAutomationOrchestrator.build/Objects-normal/arm64/HomeAutomationOrchestrator_const_extract_protocols.json -Xcc -I/Users/samin/Library/Developer/Xcode/DerivedData/HomeAutomation-dbhmgkldyjylvqecitwcozchikhf/Build/Products/Debug/include -Xcc -I/Users/samin/Library/Developer/Xcode/DerivedData/HomeAutomation-dbhmgkldyjylvqecitwcozchikhf/Build/Intermediates.noindex/HomeAutomationCore.build/Debug/HomeAutomationOrchestrator.build/DerivedSources-normal/arm64 -Xcc -I/Users/samin/Library/Developer/Xcode/DerivedData/HomeAutomation-dbhmgkldyjylvqecitwcozchikhf/Build/Intermediates.noindex/HomeAutomationCore.build/Debug/HomeAutomationOrchestrator.build/DerivedSources/arm64 -Xcc -I/Users/samin/Library/Developer/Xcode/DerivedData/HomeAutomation-dbhmgkldyjylvqecitwcozchikhf/Build/Intermediates.noindex/HomeAutomationCore.build/Debug/HomeAutomationOrchestrator.build/DerivedSources -Xcc -DSWIFT_PACKAGE -Xcc -DDEBUG\=1 -emit-objc-header -emit-objc-header-path /Users/samin/Library/Developer/Xcode/DerivedData/HomeAutomation-dbhmgkldyjylvqecitwcozchikhf/Build/Intermediates.noindex/HomeAutomationCore.build/Debug/HomeAutomationOrchestrator.build/Objects-normal/arm64/HomeAutomationOrchestrator-Swift.h -working-directory /Users/samin/Downloads/untitled\ folder/HomeAutomation/HomeAutomation.xcodeproj -experimental-emit-module-separately -disable-cmo

Ld /Users/samin/Library/Developer/Xcode/DerivedData/HomeAutomation-dbhmgkldyjylvqecitwcozchikhf/Build/Products/Debug/HomeAutomationOrchestrator.o normal (in target 'HomeAutomationOrchestrator' from project 'HomeAutomationCore')
    cd /Users/samin/Downloads/untitled\ folder/HomeAutomation/HomeAutomationCore
    /Applications/Xcode-beta.app/Contents/Developer/Toolchains/XcodeDefault.xctoolchain/usr/bin/clang -Xlinker -reproducible -target arm64-apple-macos26.0 -r -isysroot /Applications/Xcode-beta.app/Contents/Developer/Platforms/MacOSX.platform/Developer/SDKs/MacOSX26.1.sdk -O0 -w -L/Users/samin/Library/Developer/Xcode/DerivedData/HomeAutomation-dbhmgkldyjylvqecitwcozchikhf/Build/Intermediates.noindex/EagerLinkingTBDs/Debug -L/Users/samin/Library/Developer/Xcode/DerivedData/HomeAutomation-dbhmgkldyjylvqecitwcozchikhf/Build/Products/Debug -L/Applications/Xcode-beta.app/Contents/Developer/Platforms/MacOSX.platform/Developer/usr/lib -F/Users/samin/Library/Developer/Xcode/DerivedData/HomeAutomation-dbhmgkldyjylvqecitwcozchikhf/Build/Intermediates.noindex/EagerLinkingTBDs/Debug -F/Users/samin/Library/Developer/Xcode/DerivedData/HomeAutomation-dbhmgkldyjylvqecitwcozchikhf/Build/Products/Debug/PackageFrameworks -F/Users/samin/Library/Developer/Xcode/DerivedData/HomeAutomation-dbhmgkldyjylvqecitwcozchikhf/Build/Products/Debug/PackageFrameworks -F/Users/samin/Library/Developer/Xcode/DerivedData/HomeAutomation-dbhmgkldyjylvqecitwcozchikhf/Build/Products/Debug/PackageFrameworks -F/Users/samin/Library/Developer/Xcode/DerivedData/HomeAutomation-dbhmgkldyjylvqecitwcozchikhf/Build/Products/Debug -iframework /Applications/Xcode-beta.app/Contents/Developer/Platforms/MacOSX.platform/Developer/Library/Frameworks -filelist /Users/samin/Library/Developer/Xcode/DerivedData/HomeAutomation-dbhmgkldyjylvqecitwcozchikhf/Build/Intermediates.noindex/HomeAutomationCore.build/Debug/HomeAutomationOrchestrator.build/Objects-normal/arm64/HomeAutomationOrchestrator.LinkFileList -nostdlib -Xlinker -object_path_lto -Xlinker /Users/samin/Library/Developer/Xcode/DerivedData/HomeAutomation-dbhmgkldyjylvqecitwcozchikhf/Build/Intermediates.noindex/HomeAutomationCore.build/Debug/HomeAutomationOrchestrator.build/Objects-normal/arm64/HomeAutomationOrchestrator_lto.o -rdynamic -Xlinker -no_deduplicate -Xlinker -dependency_info -Xlinker /Users/samin/Library/Developer/Xcode/DerivedData/HomeAutomation-dbhmgkldyjylvqecitwcozchikhf/Build/Intermediates.noindex/HomeAutomationCore.build/Debug/HomeAutomationOrchestrator.build/Objects-normal/arm64/HomeAutomationOrchestrator_dependency_info.dat -fobjc-link-runtime -L/Applications/Xcode-beta.app/Contents/Developer/Toolchains/XcodeDefault.xctoolchain/usr/lib/swift/macosx -L/usr/lib/swift -Xlinker -add_ast_path -Xlinker /Users/samin/Library/Developer/Xcode/DerivedData/HomeAutomation-dbhmgkldyjylvqecitwcozchikhf/Build/Intermediates.noindex/HomeAutomationCore.build/Debug/HomeAutomationOrchestrator.build/Objects-normal/arm64/HomeAutomationOrchestrator.swiftmodule @/Users/samin/Library/Developer/Xcode/DerivedData/HomeAutomation-dbhmgkldyjylvqecitwcozchikhf/Build/Intermediates.noindex/HomeAutomationCore.build/Debug/HomeAutomationOrchestrator.build/Objects-normal/arm64/HomeAutomationOrchestrator-linker-args.resp -o /Users/samin/Library/Developer/Xcode/DerivedData/HomeAutomation-dbhmgkldyjylvqecitwcozchikhf/Build/Products/Debug/HomeAutomationOrchestrator.o

ExtractAppIntentsMetadata (in target 'HomeAutomationOrchestrator' from project 'HomeAutomationCore')
    cd /Users/samin/Downloads/untitled\ folder/HomeAutomation/HomeAutomationCore
    /Applications/Xcode-beta.app/Contents/Developer/Toolchains/XcodeDefault.xctoolchain/usr/bin/appintentsmetadataprocessor --toolchain-dir /Applications/Xcode-beta.app/Contents/Developer/Toolchains/XcodeDefault.xctoolchain --module-name HomeAutomationOrchestrator --sdk-root /Applications/Xcode-beta.app/Contents/Developer/Platforms/MacOSX.platform/Developer/SDKs/MacOSX26.1.sdk --xcode-version 17B5025f --platform-family macOS --deployment-target 26.0 --bundle-identifier homeautomationcore.HomeAutomationOrchestrator --output /Users/samin/Library/Developer/Xcode/DerivedData/HomeAutomation-dbhmgkldyjylvqecitwcozchikhf/Build/Products/Debug/HomeAutomationOrchestrator.appintents --target-triple arm64-apple-macos26.0 --binary-file /Users/samin/Library/Developer/Xcode/DerivedData/HomeAutomation-dbhmgkldyjylvqecitwcozchikhf/Build/Products/Debug/HomeAutomationOrchestrator.o --dependency-file /Users/samin/Library/Developer/Xcode/DerivedData/HomeAutomation-dbhmgkldyjylvqecitwcozchikhf/Build/Intermediates.noindex/HomeAutomationCore.build/Debug/HomeAutomationOrchestrator.build/Objects-normal/arm64/HomeAutomationOrchestrator_dependency_info.dat --stringsdata-file /Users/samin/Library/Developer/Xcode/DerivedData/HomeAutomation-dbhmgkldyjylvqecitwcozchikhf/Build/Intermediates.noindex/HomeAutomationCore.build/Debug/HomeAutomationOrchestrator.build/Objects-normal/arm64/ExtractedAppShortcutsMetadata.stringsdata --source-file-list /Users/samin/Library/Developer/Xcode/DerivedData/HomeAutomation-dbhmgkldyjylvqecitwcozchikhf/Build/Intermediates.noindex/HomeAutomationCore.build/Debug/HomeAutomationOrchestrator.build/Objects-normal/arm64/HomeAutomationOrchestrator.SwiftFileList --metadata-file-list /Users/samin/Library/Developer/Xcode/DerivedData/HomeAutomation-dbhmgkldyjylvqecitwcozchikhf/Build/Intermediates.noindex/HomeAutomationCore.build/Debug/HomeAutomationOrchestrator.build/HomeAutomationOrchestrator.DependencyMetadataFileList --static-metadata-file-list /Users/samin/Library/Developer/Xcode/DerivedData/HomeAutomation-dbhmgkldyjylvqecitwcozchikhf/Build/Intermediates.noindex/HomeAutomationCore.build/Debug/HomeAutomationOrchestrator.build/HomeAutomationOrchestrator.DependencyStaticMetadataFileList --swift-const-vals-list /Users/samin/Library/Developer/Xcode/DerivedData/HomeAutomation-dbhmgkldyjylvqecitwcozchikhf/Build/Intermediates.noindex/HomeAutomationCore.build/Debug/HomeAutomationOrchestrator.build/Objects-normal/arm64/HomeAutomationOrchestrator.SwiftConstValuesFileList --force --compile-time-extraction --deployment-aware-processing --validate-assistant-intents --no-app-shortcuts-localization
2026-05-17 22:31:45.759 appintentsmetadataprocessor[87484:12982520] Starting appintentsmetadataprocessor export
2026-05-17 22:31:45.856 appintentsmetadataprocessor[87484:12982520] Extracted no relevant App Intents symbols, skipping writing output

RegisterExecutionPolicyException /Users/samin/Library/Developer/Xcode/DerivedData/HomeAutomation-dbhmgkldyjylvqecitwcozchikhf/Build/Products/Debug/HomeAutomationOrchestrator.o (in target 'HomeAutomationOrchestrator' from project 'HomeAutomationCore')
    cd /Users/samin/Downloads/untitled\ folder/HomeAutomation/HomeAutomationCore
    builtin-RegisterExecutionPolicyException /Users/samin/Library/Developer/Xcode/DerivedData/HomeAutomation-dbhmgkldyjylvqecitwcozchikhf/Build/Products/Debug/HomeAutomationOrchestrator.o

** BUILD SUCCEEDED **

